OpenJDK 64-Bit Server VM (25.265-b11) for linux-amd64 JRE (Zulu 8.48.0.53-CA-linux64) (1.8.0_265-b11), built on Jul 28 2020 03:24:25 by "zulu_re" with gcc 4.4.7 20120313 (Red Hat 4.4.7-3)
Memory: 4k page, physical 4096000k(4017676k free), swap 7811068k(7805044k free)
CommandLine flags: -XX:GCHeapFreeLimit=10 -XX:GCTimeLimit=50 -XX:InitialHeapSize=3145728000 -XX:MaxHeapSize=3145728000 -XX:+PrintFlagsFinal -XX:+PrintGC -XX:+PrintGCDateStamps -XX:+PrintGCDetails -XX:+PrintGCTimeStamps -XX:+UseCompressedClassPointers -XX:+UseCompressedOops -XX:+UseParallelGC 
2021-03-16T17:39:02.878+1030: 2.644: [GC (Metadata GC Threshold) [PSYoungGen: 107520K->18250K(896000K)] 107520K->18258K(2944000K), 0.0285786 secs] [Times: user=0.04 sys=0.01, real=0.02 secs] 
2021-03-16T17:39:02.906+1030: 2.673: [Full GC (Metadata GC Threshold) [PSYoungGen: 18250K->0K(896000K)] [ParOldGen: 8K->17132K(2048000K)] 18258K->17132K(2944000K), [Metaspace: 21008K->21008K(1069056K)], 0.0466616 secs] [Times: user=0.07 sys=0.01, real=0.05 secs] 
2021-03-16T17:39:04.710+1030: 4.476: [GC (Metadata GC Threshold) [PSYoungGen: 460803K->19637K(896000K)] 477935K->36777K(2944000K), 0.0193973 secs] [Times: user=0.02 sys=0.01, real=0.02 secs] 
2021-03-16T17:39:04.729+1030: 4.495: [Full GC (Metadata GC Threshold) [PSYoungGen: 19637K->0K(896000K)] [ParOldGen: 17140K->22094K(2048000K)] 36777K->22094K(2944000K), [Metaspace: 35177K->35177K(1079296K)], 0.0441440 secs] [Times: user=0.06 sys=0.01, real=0.04 secs] 
2021-03-16T17:39:11.732+1030: 11.498: [GC (Allocation Failure) [PSYoungGen: 768000K->9561K(896000K)] 790094K->31663K(2944000K), 0.0184644 secs] [Times: user=0.03 sys=0.00, real=0.02 secs] 22021-03-16T17:39:17.403+1030: 17.169: [GC (Allocation Failure) [PSYoungGen: 777561K->5397K(896000K)] 799663K->27508K(2944000K), 0.0098795 secs] [Times: user=0.02 sys=0.00, real=0.01 secs] 22021-03-16T17:39:23.222+1030: 22.988: [GC (Allocation Failure) [PSYoungGen: 773397K->5493K(896000K)] 795508K->27612K(2944000K), 0.0133903 secs] [Times: user=0.02 sys=0.01, real=0.01 secs] 
2021-03-16T17:39:28.886+1030: 28.653: [GC (Allocation Failure) [PSYoungGen: 773493K->5493K(999936K)] 795612K->27612K(3047936K), 0.0137806 secs] [Times: user=0.02 sys=0.01, real=0.02 secs] 
2021-03-16T17:39:36.004+1030: 35.770: [GC (Allocation Failure) [PSYoungGen: 980853K->5493K(999424K)] 1002972K->27612K(3047424K), 0.0118260 secs] [Times: user=0.01 sys=0.00, real=0.01 secs] 
2021-03-16T17:39:43.395+1030: 43.161: [GC (Allocation Failure) [PSYoungGen: 980853K->5525K(1001472K)] 1002972K->27644K(3049472K), 0.0093059 secs] [Times: user=0.02 sys=0.00, real=0.01 secs] 
2021-03-16T17:39:50.718+1030: 50.484: [GC (Allocation Failure) [PSYoungGen: 983445K->5525K(1000448K)] 1005564K->27644K(3048448K), 0.0101591 secs] [Times: user=0.02 sys=0.00, real=0.01 secs] 
2021-03-16T17:39:57.787+1030: 57.553: [GC (Allocation Failure) [PSYoungGen: 983445K->5525K(1002496K)] 1005564K->27652K(3050496K), 0.0117903 secs] [Times: user=0.01 sys=0.00, real=0.02 secs] 
2021-03-16T17:40:05.023+1030: 64.790: [GC (Allocation Failure) [PSYoungGen: 986005K->5621K(1001984K)] 1008132K->27748K(3049984K), 0.0111497 secs] [Times: user=0.02 sys=0.01, real=0.01 secs] 
2021-03-16T17:40:12.280+1030: 72.046: [GC (Allocation Failure) [PSYoungGen: 986101K->5653K(1004032K)] 1008228K->27780K(3052032K), 0.0106389 secs] [Times: user=0.01 sys=0.00, real=0.01 secs] 
2021-03-16T17:40:19.369+1030: 79.135: [GC (Allocation Failure) [PSYoungGen: 989205K->5621K(1003520K)] 1011332K->27748K(3051520K), 0.0108365 secs] [Times: user=0.02 sys=0.01, real=0.01 secs] 
2021-03-16T17:40:26.561+1030: 86.327: [GC (Allocation Failure) [PSYoungGen: 989173K->5653K(1005568K)] 1011300K->27780K(3053568K), 0.0097641 secs] [Times: user=0.02 sys=0.00, real=0.01 secs] 
2021-03-16T17:40:33.484+1030: 93.251: [GC (Allocation Failure) [PSYoungGen: 992277K->5685K(1005056K)] 1014404K->27812K(3053056K), 0.0105086 secs] [Times: user=0.01 sys=0.00, real=0.01 secs] 
2021-03-16T17:40:40.720+1030: 100.487: [GC (Allocation Failure) [PSYoungGen: 992309K->5749K(1007104K)] 1014436K->27876K(3055104K), 0.0114490 secs] [Times: user=0.01 sys=0.00, real=0.01 secs] 
2021-03-16T17:40:47.773+1030: 107.540: [GC (Allocation Failure) [PSYoungGen: 995445K->5749K(1006592K)] 1017572K->27876K(3054592K), 0.0114003 secs] [Times: user=0.01 sys=0.01, real=0.01 secs] 
2021-03-16T17:40:55.027+1030: 114.794: [GC (Allocation Failure) [PSYoungGen: 995445K->544K(1007616K)] 1017572K->27931K(3055616K), 0.0102512 secs] [Times: user=0.02 sys=0.01, real=0.01 secs] 
2021-03-16T17:41:02.246+1030: 122.013: [GC (Allocation Failure) [PSYoungGen: 991776K->480K(1007616K)] 1019163K->28003K(3055616K), 0.0036131 secs] [Times: user=0.00 sys=0.00, real=0.01 secs] 
2021-03-16T17:41:09.506+1030: 129.272: [GC (Allocation Failure) [PSYoungGen: 991712K->384K(1007616K)] 1019235K->27995K(3055616K), 0.0034259 secs] [Times: user=0.01 sys=0.00, real=0.01 secs] 
2021-03-16T17:41:16.899+1030: 136.666: [GC (Allocation Failure) [PSYoungGen: 991616K->416K(1007616K)] 1019227K->28051K(3055616K), 0.0037057 secs] [Times: user=0.00 sys=0.00, real=0.00 secs] 
2021-03-16T17:41:24.123+1030: 143.890: [GC (Allocation Failure) [PSYoungGen: 991648K->448K(1008128K)] 1019283K->28091K(3056128K), 0.0064336 secs] [Times: user=0.00 sys=0.01, real=0.01 secs] 
2021-03-16T17:41:31.380+1030: 151.147: [GC (Allocation Failure) [PSYoungGen: 992192K->448K(1007616K)] 1019835K->28107K(3055616K), 0.0037736 secs] [Times: user=0.00 sys=0.00, real=0.00 secs] 
2021-03-16T17:41:38.452+1030: 158.218: [GC (Allocation Failure) [PSYoungGen: 992192K->416K(1009152K)] 1019851K->28083K(3057152K), 0.0048770 secs] [Times: user=0.01 sys=0.00, real=0.00 secs] 
2021-03-16T17:41:45.623+1030: 165.389: [GC (Allocation Failure) [PSYoungGen: 994208K->480K(1008640K)] 1021875K->28163K(3056640K), 0.0035930 secs] [Times: user=0.00 sys=0.00, real=0.00 secs] 
2021-03-16T17:41:52.919+1030: 172.685: [GC (Allocation Failure) [PSYoungGen: 994272K->765K(1010176K)] 1021955K->28512K(3058176K), 0.0039835 secs] [Times: user=0.00 sys=0.00, real=0.00 secs] 
2021-03-16T17:42:00.286+1030: 180.053: [GC (Allocation Failure) [PSYoungGen: 996605K->701K(1009664K)] 1024352K->28496K(3057664K), 0.0037500 secs] [Times: user=0.00 sys=0.00, real=0.01 secs] 
2021-03-16T17:42:07.166+1030: 186.932: [GC (Allocation Failure) [PSYoungGen: 996541K->701K(1011712K)] 1024336K->28504K(3059712K), 0.0051140 secs] [Times: user=0.01 sys=0.00, real=0.01 secs] 
2021-03-16T17:42:14.586+1030: 194.353: [GC (Allocation Failure) [PSYoungGen: 999613K->797K(1011200K)] 1027416K->28616K(3059200K), 0.0039263 secs] [Times: user=0.00 sys=0.00, real=0.01 secs] 
2021-03-16T17:42:21.939+1030: 201.706: [GC (Allocation Failure) [PSYoungGen: 999709K->797K(1012736K)] 1027528K->28640K(3060736K), 0.0035795 secs] [Times: user=0.00 sys=0.00, real=0.00 secs] 
2021-03-16T17:42:29.211+1030: 208.977: [GC (Allocation Failure) [PSYoungGen: 1001757K->768K(1012224K)] 1029600K->28683K(3060224K), 0.0058531 secs] [Times: user=0.00 sys=0.01, real=0.00 secs] 
2021-03-16T17:42:36.397+1030: 216.164: [GC (Allocation Failure) [PSYoungGen: 1001728K->765K(1014272K)] 1029643K->28680K(3062272K), 0.0057439 secs] [Times: user=0.00 sys=0.00, real=0.00 secs] 
2021-03-16T17:42:43.775+1030: 223.542: [GC (Allocation Failure) [PSYoungGen: 1004285K->765K(1013248K)] 1032200K->28728K(3061248K), 0.0038041 secs] [Times: user=0.00 sys=0.00, real=0.01 secs] 
2021-03-16T17:42:51.146+1030: 230.912: [GC (Allocation Failure) [PSYoungGen: 1004285K->765K(1015296K)] 1032248K->28768K(3063296K), 0.0036417 secs] [Times: user=0.00 sys=0.00, real=0.01 secs] 
2021-03-16T17:42:58.533+1030: 238.300: [GC (Allocation Failure) [PSYoungGen: 1006845K->800K(1014784K)] 1034848K->28811K(3062784K), 0.0036319 secs] [Times: user=0.01 sys=0.00, real=0.00 secs] 
2021-03-16T17:43:05.730+1030: 245.497: [GC (Allocation Failure) [PSYoungGen: 1006880K->765K(1016320K)] 1034891K->28816K(3064320K), 0.0045481 secs] [Times: user=0.00 sys=0.00, real=0.00 secs] 
2021-03-16T17:43:13.033+1030: 252.800: [GC (Allocation Failure) [PSYoungGen: 1008893K->765K(1015808K)] 1036944K->28840K(3063808K), 0.0038282 secs] [Times: user=0.00 sys=0.00, real=0.00 secs] 
2021-03-16T17:43:20.455+1030: 260.222: [GC (Allocation Failure) [PSYoungGen: 1008893K->765K(1017344K)] 1036968K->28864K(3065344K), 0.0037626 secs] [Times: user=0.01 sys=0.00, real=0.01 secs] 
2021-03-16T17:43:27.422+1030: 267.189: [GC (Allocation Failure) [PSYoungGen: 1010941K->765K(1016832K)] 1039040K->28888K(3064832K), 0.0032970 secs] [Times: user=0.00 sys=0.00, real=0.00 secs] 
2021-03-16T17:43:34.389+1030: 274.156: [GC (Allocation Failure) [PSYoungGen: 1010941K->349K(1017856K)] 1039064K->28504K(3065856K), 0.0032003 secs] [Times: user=0.00 sys=0.00, real=0.00 secs] 
2021-03-16T17:43:41.576+1030: 281.343: [GC (Allocation Failure) [PSYoungGen: 1011549K->352K(1017344K)] 1039704K->28523K(3065344K), 0.0034003 secs] [Times: user=0.00 sys=0.00, real=0.01 secs] 
2021-03-16T17:43:48.867+1030: 288.634: [GC (Allocation Failure) [PSYoungGen: 1011552K->384K(1018368K)] 1039723K->28555K(3066368K), 0.0063478 secs] [Times: user=0.00 sys=0.00, real=0.00 secs] 
2021-03-16T17:43:56.157+1030: 295.924: [GC (Allocation Failure) [PSYoungGen: 1013120K->384K(1018368K)] 1041291K->28555K(3066368K), 0.0033348 secs] [Times: user=0.00 sys=0.00, real=0.01 secs] 
2021-03-16T17:44:03.536+1030: 303.302: [GC (Allocation Failure) [PSYoungGen: 1013120K->413K(1018880K)] 1041291K->28592K(3066880K), 0.0038947 secs] [Times: user=0.00 sys=0.00, real=0.01 secs] 
2021-03-16T17:44:10.939+1030: 310.705: [GC (Allocation Failure) [PSYoungGen: 1014173K->448K(1018880K)] 1042352K->28627K(3066880K), 0.0035686 secs] [Times: user=0.00 sys=0.00, real=0.00 secs] 
2021-03-16T17:44:18.303+1030: 318.070: [GC (Allocation Failure) [PSYoungGen: 1014208K->480K(1019392K)] 1042387K->28659K(3067392K), 0.0041845 secs] [Times: user=0.00 sys=0.00, real=0.01 secs] 
2021-03-16T17:44:25.595+1030: 325.361: [GC (Allocation Failure) [PSYoungGen: 1015264K->544K(1019392K)] 1043443K->28723K(3067392K), 0.0034688 secs] [Times: user=0.01 sys=0.00, real=0.01 secs] 
2021-03-16T17:44:33.035+1030: 332.801: [GC (Allocation Failure) [PSYoungGen: 1015328K->576K(1019904K)] 1043507K->28755K(3067904K), 0.0044787 secs] [Times: user=0.00 sys=0.00, real=0.01 secs] 
2021-03-16T17:44:40.432+1030: 340.199: [GC (Allocation Failure) [PSYoungGen: 1016384K->605K(1019904K)] 1044563K->28784K(3067904K), 0.0039181 secs] [Times: user=0.00 sys=0.00, real=0.00 secs] 
2021-03-16T17:44:47.985+1030: 347.752: [GC (Allocation Failure) [PSYoungGen: 1016413K->669K(1020416K)] 1044592K->28848K(3068416K), 0.0051008 secs] [Times: user=0.01 sys=0.00, real=0.01 secs] 
2021-03-16T17:44:55.355+1030: 355.121: [GC (Allocation Failure) [PSYoungGen: 1017501K->704K(1020416K)] 1045680K->28883K(3068416K), 0.0037999 secs] [Times: user=0.00 sys=0.00, real=0.01 secs] 
2021-03-16T17:45:02.826+1030: 362.593: [GC (Allocation Failure) [PSYoungGen: 1017536K->704K(1020928K)] 1045715K->28883K(3068928K), 0.0034558 secs] [Times: user=0.00 sys=0.00, real=0.01 secs] 
2021-03-16T17:45:09.613+1030: 369.379: [GC (Allocation Failure) [PSYoungGen: 1018560K->704K(1020928K)] 1046739K->28883K(3068928K), 0.0049480 secs] [Times: user=0.00 sys=0.00, real=0.01 secs] 
2021-03-16T17:45:17.076+1030: 376.842: [GC (Allocation Failure) [PSYoungGen: 1018560K->352K(1021440K)] 1046739K->28531K(3069440K), 0.0051788 secs] [Times: user=0.00 sys=0.00, real=0.01 secs] 
2021-03-16T17:45:24.036+1030: 383.803: [GC (Allocation Failure) [PSYoungGen: 1019232K->320K(1021440K)] 1047411K->28507K(3069440K), 0.0044088 secs] [Times: user=0.01 sys=0.00, real=0.01 secs] 
2021-03-16T17:45:31.418+1030: 391.185: [GC (Allocation Failure) [PSYoungGen: 1019200K->350K(1021440K)] 1047387K->28537K(3069440K), 0.0044080 secs] [Times: user=0.00 sys=0.00, real=0.00 secs] 
2021-03-16T17:45:38.817+1030: 398.583: [GC (Allocation Failure) [PSYoungGen: 1019230K->382K(1021440K)] 1047417K->28569K(3069440K), 0.0037346 secs] [Times: user=0.00 sys=0.00, real=0.01 secs] 
2021-03-16T17:45:46.168+1030: 405.934: [GC (Allocation Failure) [PSYoungGen: 1019262K->414K(1021952K)] 1047449K->28601K(3069952K), 0.0037378 secs] [Times: user=0.00 sys=0.00, real=0.00 secs] 
2021-03-16T17:45:53.418+1030: 413.184: [GC (Allocation Failure) [PSYoungGen: 1019806K->446K(1021440K)] 1047993K->28633K(3069440K), 0.0040812 secs] [Times: user=0.00 sys=0.00, real=0.00 secs] 
2021-03-16T17:46:00.812+1030: 420.579: [GC (Allocation Failure) [PSYoungGen: 1019838K->510K(1021952K)] 1048025K->28697K(3069952K), 0.0039587 secs] [Times: user=0.00 sys=0.00, real=0.00 secs] 
2021-03-16T17:46:08.060+1030: 427.827: [GC (Allocation Failure) [PSYoungGen: 1020414K->512K(1021952K)] 1048601K->28699K(3069952K), 0.0036839 secs] [Times: user=0.00 sys=0.00, real=0.00 secs] 
2021-03-16T17:46:15.160+1030: 434.926: [GC (Allocation Failure) [PSYoungGen: 1020416K->480K(1021952K)] 1048603K->28667K(3069952K), 0.0034596 secs] [Times: user=0.01 sys=0.00, real=0.00 secs] 
2021-03-16T17:46:22.322+1030: 442.088: [GC (Allocation Failure) [PSYoungGen: 1020384K->512K(1021952K)] 1048571K->28699K(3069952K), 0.0039331 secs] [Times: user=0.00 sys=0.00, real=0.00 secs] 
2021-03-16T17:46:29.859+1030: 449.626: [GC (Allocation Failure) [PSYoungGen: 1020416K->510K(1022464K)] 1048603K->28697K(3070464K), 0.0051895 secs] [Times: user=0.01 sys=0.00, real=0.00 secs] 
2021-03-16T17:46:37.329+1030: 457.095: [GC (Allocation Failure) [PSYoungGen: 1021438K->576K(1022464K)] 1049625K->28763K(3070464K), 0.0056872 secs] [Times: user=0.01 sys=0.01, real=0.00 secs] 
2021-03-16T17:46:44.609+1030: 464.375: [GC (Allocation Failure) [PSYoungGen: 1021504K->574K(1022464K)] 1049691K->28761K(3070464K), 0.0032602 secs] [Times: user=0.01 sys=0.00, real=0.00 secs] 
2021-03-16T17:46:52.142+1030: 471.909: [GC (Allocation Failure) [PSYoungGen: 1021502K->672K(1022464K)] 1049689K->28859K(3070464K), 0.0039859 secs] [Times: user=0.00 sys=0.00, real=0.00 secs] 
2021-03-16T17:46:59.491+1030: 479.258: [GC (Allocation Failure) [PSYoungGen: 1021600K->736K(1022464K)] 1049787K->28923K(3070464K), 0.0039764 secs] [Times: user=0.00 sys=0.00, real=0.00 secs] 
2021-03-16T17:47:06.903+1030: 486.669: [GC (Allocation Failure) [PSYoungGen: 1021664K->318K(1022464K)] 1049851K->28506K(3070464K), 0.0034542 secs] [Times: user=0.01 sys=0.00, real=0.00 secs] 
2021-03-16T17:47:14.126+1030: 493.893: [GC (Allocation Failure) [PSYoungGen: 1021246K->350K(1022464K)] 1049434K->28538K(3070464K), 0.0043216 secs] [Times: user=0.00 sys=0.00, real=0.01 secs] 
2021-03-16T17:47:21.553+1030: 501.319: [GC (Allocation Failure) [PSYoungGen: 1021278K->414K(1022464K)] 1049466K->28602K(3070464K), 0.0034992 secs] [Times: user=0.01 sys=0.00, real=0.00 secs] 
2021-03-16T17:47:28.977+1030: 508.744: [GC (Allocation Failure) [PSYoungGen: 1021342K->414K(1022464K)] 1049530K->28602K(3070464K), 0.0047537 secs] [Times: user=0.00 sys=0.00, real=0.00 secs] 
2021-03-16T17:47:36.712+1030: 516.479: [GC (Allocation Failure) [PSYoungGen: 1021342K->478K(1022464K)] 1049530K->28666K(3070464K), 0.0035331 secs] [Times: user=0.00 sys=0.00, real=0.00 secs] 
2021-03-16T17:47:44.186+1030: 523.953: [GC (Allocation Failure) [PSYoungGen: 1021406K->510K(1022976K)] 1049594K->28698K(3070976K), 0.0038865 secs] [Times: user=0.00 sys=0.00, real=0.01 secs] 
2021-03-16T17:47:51.657+1030: 531.424: [GC (Allocation Failure) [PSYoungGen: 1021950K->542K(1022464K)] 1050138K->28730K(3070464K), 0.0033332 secs] [Times: user=0.01 sys=0.00, real=0.00 secs] 
2021-03-16T17:47:59.196+1030: 538.962: [GC (Allocation Failure) [PSYoungGen: 1021982K->542K(1022976K)] 1050170K->28730K(3070976K), 0.0042814 secs] [Times: user=0.01 sys=0.00, real=0.01 secs] 
2021-03-16T17:48:06.409+1030: 546.176: [GC (Allocation Failure) [PSYoungGen: 1022494K->574K(1022976K)] 1050682K->28762K(3070976K), 0.0054001 secs] [Times: user=0.00 sys=0.01, real=0.00 secs] 
2021-03-16T17:48:13.452+1030: 553.218: [GC (Allocation Failure) [PSYoungGen: 1022526K->606K(1022976K)] 1050714K->28794K(3070976K), 0.0042466 secs] [Times: user=0.01 sys=0.00, real=0.00 secs] 
2021-03-16T17:48:20.809+1030: 560.575: [GC (Allocation Failure) [PSYoungGen: 1022558K->670K(1022976K)] 1050746K->28858K(3070976K), 0.0043976 secs] [Times: user=0.00 sys=0.00, real=0.00 secs] 
2021-03-16T17:48:28.174+1030: 567.940: [GC (Allocation Failure) [PSYoungGen: 1022622K->702K(1022976K)] 1050810K->28890K(3070976K), 0.0050103 secs] [Times: user=0.01 sys=0.00, real=0.01 secs] 
2021-03-16T17:48:35.646+1030: 575.413: [GC (Allocation Failure) [PSYoungGen: 1022654K->734K(1022976K)] 1050842K->28922K(3070976K), 0.0054342 secs] [Times: user=0.00 sys=0.00, real=0.01 secs] 
2021-03-16T17:48:43.175+1030: 582.941: [GC (Allocation Failure) [PSYoungGen: 1022686K->352K(1022976K)] 1050874K->28539K(3070976K), 0.0041557 secs] [Times: user=0.00 sys=0.00, real=0.01 secs] 
2021-03-16T17:48:50.606+1030: 590.373: [GC (Allocation Failure) [PSYoungGen: 1022304K->382K(1022976K)] 1050491K->28570K(3070976K), 0.0047483 secs] [Times: user=0.00 sys=0.00, real=0.01 secs] 
2021-03-16T17:48:58.058+1030: 597.824: [GC (Allocation Failure) [PSYoungGen: 1022334K->382K(1022976K)] 1050522K->28570K(3070976K), 0.0042533 secs] [Times: user=0.00 sys=0.00, real=0.00 secs] 
2021-03-16T17:49:05.234+1030: 605.001: [GC (Allocation Failure) [PSYoungGen: 1022334K->414K(1022976K)] 1050522K->28602K(3070976K), 0.0030208 secs] [Times: user=0.01 sys=0.00, real=0.01 secs] 
2021-03-16T17:49:12.635+1030: 612.401: [GC (Allocation Failure) [PSYoungGen: 1022366K->414K(1022976K)] 1050554K->28602K(3070976K), 0.0047914 secs] [Times: user=0.01 sys=0.00, real=0.01 secs] 
2021-03-16T17:49:20.172+1030: 619.939: [GC (Allocation Failure) [PSYoungGen: 1022366K->478K(1022976K)] 1050554K->28666K(3070976K), 0.0046664 secs] [Times: user=0.00 sys=0.00, real=0.00 secs] 
2021-03-16T17:49:27.587+1030: 627.354: [GC (Allocation Failure) [PSYoungGen: 1022430K->510K(1022976K)] 1050618K->28698K(3070976K), 0.0059215 secs] [Times: user=0.01 sys=0.00, real=0.01 secs] 
2021-03-16T17:49:35.148+1030: 634.915: [GC (Allocation Failure) [PSYoungGen: 1022462K->510K(1022976K)] 1050650K->28698K(3070976K), 0.0047164 secs] [Times: user=0.01 sys=0.00, real=0.00 secs] 
2021-03-16T17:49:42.373+1030: 642.139: [GC (Allocation Failure) [PSYoungGen: 1022462K->576K(1022976K)] 1050650K->28763K(3070976K), 0.0040962 secs] [Times: user=0.00 sys=0.00, real=0.00 secs] 
2021-03-16T17:49:49.574+1030: 649.341: [GC (Allocation Failure) [PSYoungGen: 1022528K->544K(1022976K)] 1050715K->28731K(3070976K), 0.0045738 secs] [Times: user=0.00 sys=0.00, real=0.01 secs] 
2021-03-16T17:49:57.002+1030: 656.768: [GC (Allocation Failure) [PSYoungGen: 1022496K->606K(1022976K)] 1050683K->28794K(3070976K), 0.0031345 secs] [Times: user=0.00 sys=0.00, real=0.00 secs] 
2021-03-16T17:50:04.378+1030: 664.144: [GC (Allocation Failure) [PSYoungGen: 1022558K->574K(1022976K)] 1050746K->28762K(3070976K), 0.0037629 secs] [Times: user=0.00 sys=0.00, real=0.00 secs] 
2021-03-16T17:50:11.698+1030: 671.465: [GC (Allocation Failure) [PSYoungGen: 1022526K->606K(1022976K)] 1050714K->28794K(3070976K), 0.0048576 secs] [Times: user=0.00 sys=0.00, real=0.00 secs] 
2021-03-16T17:50:19.269+1030: 679.036: [GC (Allocation Failure) [PSYoungGen: 1022558K->670K(1022976K)] 1050746K->28858K(3070976K), 0.0041270 secs] [Times: user=0.00 sys=0.00, real=0.00 secs] 
2021-03-16T17:50:26.913+1030: 686.680: [GC (Allocation Failure) [PSYoungGen: 1022622K->702K(1022976K)] 1050810K->28890K(3070976K), 0.0047566 secs] [Times: user=0.00 sys=0.00, real=0.01 secs] 
2021-03-16T17:50:34.456+1030: 694.223: [GC (Allocation Failure) [PSYoungGen: 1022654K->416K(1022976K)] 1050842K->28922K(3070976K), 0.0034822 secs] [Times: user=0.00 sys=0.00, real=0.01 secs] 
2021-03-16T17:50:41.968+1030: 701.735: [GC (Allocation Failure) [PSYoungGen: 1022368K->384K(1022976K)] 1050874K->28922K(3070976K), 0.0047022 secs] [Times: user=0.01 sys=0.00, real=0.00 secs] 
2021-03-16T17:50:49.610+1030: 709.376: [GC (Allocation Failure) [PSYoungGen: 1022336K->701K(1022976K)] 1050874K->29247K(3070976K), 0.0035913 secs] [Times: user=0.00 sys=0.00, real=0.00 secs] 
2021-03-16T17:50:56.913+1030: 716.679: [GC (Allocation Failure) [PSYoungGen: 1022653K->704K(1022976K)] 1051199K->29266K(3070976K), 0.0079765 secs] [Times: user=0.01 sys=0.00, real=0.01 secs] 
2021-03-16T17:51:04.315+1030: 724.081: [GC (Allocation Failure) [PSYoungGen: 1022656K->640K(1022976K)] 1051218K->29242K(3070976K), 0.0056882 secs] [Times: user=0.00 sys=0.00, real=0.01 secs] 
2021-03-16T17:51:11.748+1030: 731.514: [GC (Allocation Failure) [PSYoungGen: 1022592K->637K(1022976K)] 1051194K->29287K(3070976K), 0.0048907 secs] [Times: user=0.00 sys=0.00, real=0.00 secs] 
2021-03-16T17:51:18.864+1030: 738.630: [GC (Allocation Failure) [PSYoungGen: 1022589K->701K(1022976K)] 1051239K->29383K(3070976K), 0.0050987 secs] [Times: user=0.00 sys=0.00, real=0.01 secs] 
2021-03-16T17:51:26.209+1030: 745.975: [GC (GCLocker Initiated GC) [PSYoungGen: 1022653K->733K(1022976K)] 1051336K->29440K(3070976K), 0.0051916 secs] [Times: user=0.00 sys=0.00, real=0.00 secs] 
2021-03-16T17:51:33.724+1030: 753.490: [GC (Allocation Failure) [PSYoungGen: 1022685K->989K(1022976K)] 1051395K->29731K(3070976K), 0.0041397 secs] [Times: user=0.00 sys=0.00, real=0.01 secs] 
2021-03-16T17:51:41.160+1030: 760.927: [GC (Allocation Failure) [PSYoungGen: 1022941K->765K(1021952K)] 1051683K->29515K(3069952K), 0.0037363 secs] [Times: user=0.00 sys=0.00, real=0.00 secs] 
2021-03-16T17:51:48.546+1030: 768.312: [GC (Allocation Failure) [PSYoungGen: 1021693K->701K(1022464K)] 1050443K->29499K(3070464K), 0.0033237 secs] [Times: user=0.00 sys=0.00, real=0.01 secs] 
2021-03-16T17:51:55.947+1030: 775.713: [GC (Allocation Failure) [PSYoungGen: 1021629K->736K(1022976K)] 1050427K->29541K(3070976K), 0.0036057 secs] [Times: user=0.01 sys=0.00, real=0.01 secs] 
2021-03-16T17:52:03.522+1030: 783.288: [GC (Allocation Failure) [PSYoungGen: 1022688K->733K(1022976K)] 1051493K->29547K(3070976K), 0.0052479 secs] [Times: user=0.00 sys=0.00, real=0.00 secs] 
2021-03-16T17:52:10.993+1030: 790.760: [GC (Allocation Failure) [PSYoungGen: 1022685K->765K(1022976K)] 1051499K->29627K(3070976K), 0.0033796 secs] [Times: user=0.00 sys=0.00, real=0.00 secs] 
2021-03-16T17:52:18.460+1030: 798.226: [GC (Allocation Failure) [PSYoungGen: 1022717K->768K(1022976K)] 1051579K->29677K(3070976K), 0.0060617 secs] [Times: user=0.01 sys=0.00, real=0.00 secs] 
2021-03-16T17:52:25.709+1030: 805.475: [GC (Allocation Failure) [PSYoungGen: 1022720K->797K(1022976K)] 1051629K->29739K(3070976K), 0.0035586 secs] [Times: user=0.00 sys=0.00, real=0.00 secs] 
2021-03-16T17:52:33.190+1030: 812.956: [GC (Allocation Failure) [PSYoungGen: 1022749K->383K(1022464K)] 1051691K->29356K(3070464K), 0.0042221 secs] [Times: user=0.01 sys=0.00, real=0.00 secs] 
2021-03-16T17:52:40.726+1030: 820.493: [GC (Allocation Failure) [PSYoungGen: 1022335K->447K(1022464K)] 1051308K->29428K(3070464K), 0.0037267 secs] [Times: user=0.01 sys=0.01, real=0.01 secs] 
2021-03-16T17:52:47.683+1030: 827.449: [GC (Allocation Failure) [PSYoungGen: 1021375K->415K(1022464K)] 1050356K->29396K(3070464K), 0.0028246 secs] [Times: user=0.01 sys=0.00, real=0.00 secs] 
2021-03-16T17:52:55.048+1030: 834.815: [GC (Allocation Failure) [PSYoungGen: 1021343K->479K(1022976K)] 1050324K->29460K(3070976K), 0.0031417 secs] [Times: user=0.00 sys=0.00, real=0.00 secs] 
2021-03-16T17:53:02.278+1030: 842.044: [GC (Allocation Failure) [PSYoungGen: 1021919K->511K(1022464K)] 1050900K->29492K(3070464K), 0.0022666 secs] [Times: user=0.01 sys=0.00, real=0.00 secs] 
2021-03-16T17:53:09.727+1030: 849.493: [GC (Allocation Failure) [PSYoungGen: 1021951K->543K(1022976K)] 1050932K->29524K(3070976K), 0.0019251 secs] [Times: user=0.01 sys=0.00, real=0.01 secs] 
2021-03-16T17:53:16.854+1030: 856.620: [GC (Allocation Failure) [PSYoungGen: 1022495K->543K(1022976K)] 1051476K->29532K(3070976K), 0.0018521 secs] [Times: user=0.00 sys=0.00, real=0.00 secs] 
2021-03-16T17:53:24.220+1030: 863.986: [GC (Allocation Failure) [PSYoungGen: 1022495K->511K(1022976K)] 1051484K->29508K(3070976K), 0.0030311 secs] [Times: user=0.00 sys=0.00, real=0.00 secs] 
2021-03-16T17:53:31.658+1030: 871.424: [GC (Allocation Failure) [PSYoungGen: 1022463K->543K(1022976K)] 1051460K->29540K(3070976K), 0.0018094 secs] [Times: user=0.01 sys=0.00, real=0.00 secs] 
2021-03-16T17:53:39.191+1030: 878.957: [GC (Allocation Failure) [PSYoungGen: 1022495K->543K(1022976K)] 1051492K->29540K(3070976K), 0.0042684 secs] [Times: user=0.00 sys=0.01, real=0.00 secs] 
2021-03-16T17:53:46.276+1030: 886.042: [GC (Allocation Failure) [PSYoungGen: 1022495K->575K(1022976K)] 1051492K->29572K(3070976K), 0.0021552 secs] [Times: user=0.00 sys=0.00, real=0.01 secs] 
2021-03-16T17:53:53.843+1030: 893.610: [GC (Allocation Failure) [PSYoungGen: 1022527K->607K(1022976K)] 1051524K->29604K(3070976K), 0.0038558 secs] [Times: user=0.00 sys=0.00, real=0.00 secs] 
2021-03-16T17:54:01.152+1030: 900.918: [GC (Allocation Failure) [PSYoungGen: 1022559K->639K(1022976K)] 1051556K->29636K(3070976K), 0.0036734 secs] [Times: user=0.01 sys=0.00, real=0.00 secs] 
2021-03-16T17:54:08.594+1030: 908.360: [GC (Allocation Failure) [PSYoungGen: 1022591K->607K(1022976K)] 1051588K->29604K(3070976K), 0.0048224 secs] [Times: user=0.01 sys=0.00, real=0.01 secs] 
2021-03-16T17:54:15.845+1030: 915.612: [GC (Allocation Failure) [PSYoungGen: 1022559K->671K(1022976K)] 1051556K->29668K(3070976K), 0.0034817 secs] [Times: user=0.00 sys=0.00, real=0.01 secs] 
2021-03-16T17:54:22.926+1030: 922.693: [GC (Allocation Failure) [PSYoungGen: 1022623K->384K(1022976K)] 1051620K->29716K(3070976K), 0.0037259 secs] [Times: user=0.00 sys=0.01, real=0.01 secs] 
2021-03-16T17:54:30.268+1030: 930.035: [GC (Allocation Failure) [PSYoungGen: 1022336K->352K(1022976K)] 1051668K->29732K(3070976K), 0.0032416 secs] [Times: user=0.00 sys=0.00, real=0.00 secs] 
2021-03-16T17:54:37.588+1030: 937.354: [GC (Allocation Failure) [PSYoungGen: 1022304K->352K(1022976K)] 1051684K->29764K(3070976K), 0.0046813 secs] [Times: user=0.00 sys=0.00, real=0.00 secs] 
2021-03-16T17:54:44.665+1030: 944.432: [GC (Allocation Failure) [PSYoungGen: 1022304K->352K(1022976K)] 1051716K->29804K(3070976K), 0.0038404 secs] [Times: user=0.00 sys=0.00, real=0.01 secs] 
2021-03-16T17:54:51.987+1030: 951.753: [GC (Allocation Failure) [PSYoungGen: 1022304K->352K(1022976K)] 1051756K->29812K(3070976K), 0.0038595 secs] [Times: user=0.00 sys=0.00, real=0.01 secs] 
2021-03-16T17:54:59.499+1030: 959.266: [GC (Allocation Failure) [PSYoungGen: 1022304K->320K(1022976K)] 1051764K->29836K(3070976K), 0.0026837 secs] [Times: user=0.00 sys=0.00, real=0.00 secs] 
2021-03-16T17:55:06.967+1030: 966.734: [GC (Allocation Failure) [PSYoungGen: 1022272K->639K(1022976K)] 1051788K->30164K(3070976K), 0.0042830 secs] [Times: user=0.01 sys=0.00, real=0.01 secs] 
2021-03-16T17:55:14.400+1030: 974.166: [GC (Allocation Failure) [PSYoungGen: 1022591K->607K(1022976K)] 1052116K->30140K(3070976K), 0.0026633 secs] [Times: user=0.00 sys=0.00, real=0.00 secs] 
2021-03-16T17:55:21.919+1030: 981.686: [GC (Allocation Failure) [PSYoungGen: 1022559K->607K(1022976K)] 1052092K->30140K(3070976K), 0.0025349 secs] [Times: user=0.01 sys=0.00, real=0.00 secs] 
2021-03-16T17:55:29.259+1030: 989.025: [GC (Allocation Failure) [PSYoungGen: 1022559K->639K(1022976K)] 1052092K->30180K(3070976K), 0.0021702 secs] [Times: user=0.00 sys=0.00, real=0.00 secs] 
2021-03-16T17:55:36.360+1030: 996.127: [GC (Allocation Failure) [PSYoungGen: 1022591K->607K(1022976K)] 1052132K->30156K(3070976K), 0.0020372 secs] [Times: user=0.00 sys=0.00, real=0.00 secs] 
2021-03-16T17:55:43.664+1030: 1003.431: [GC (Allocation Failure) [PSYoungGen: 1022559K->575K(1022976K)] 1052108K->30172K(3070976K), 0.0019445 secs] [Times: user=0.00 sys=0.00, real=0.00 secs] 
2021-03-16T17:55:50.587+1030: 1010.353: [GC (Allocation Failure) [PSYoungGen: 1022527K->543K(1022976K)] 1052124K->30164K(3070976K), 0.0018947 secs] [Times: user=0.00 sys=0.00, real=0.01 secs] 
2021-03-16T17:55:57.889+1030: 1017.656: [GC (Allocation Failure) [PSYoungGen: 1022495K->575K(1022976K)] 1052116K->30212K(3070976K), 0.0019411 secs] [Times: user=0.00 sys=0.00, real=0.00 secs] 
2021-03-16T17:56:05.402+1030: 1025.168: [GC (Allocation Failure) [PSYoungGen: 1022527K->607K(1022976K)] 1052164K->30292K(3070976K), 0.0024220 secs] [Times: user=0.00 sys=0.00, real=0.00 secs] 
2021-03-16T17:56:12.925+1030: 1032.692: [GC (Allocation Failure) [PSYoungGen: 1022559K->575K(1022976K)] 1052244K->30308K(3070976K), 0.0025053 secs] [Times: user=0.00 sys=0.01, real=0.01 secs] 
2021-03-16T17:56:20.552+1030: 1040.319: [GC (Allocation Failure) [PSYoungGen: 1022527K->639K(1022976K)] 1052260K->30412K(3070976K), 0.0019534 secs] [Times: user=0.00 sys=0.00, real=0.00 secs] 
2021-03-16T17:56:27.557+1030: 1047.323: [GC (Allocation Failure) [PSYoungGen: 1022591K->607K(1022976K)] 1052364K->30412K(3070976K), 0.0054426 secs] [Times: user=0.00 sys=0.00, real=0.01 secs] 
2021-03-16T17:56:34.967+1030: 1054.733: [GC (Allocation Failure) [PSYoungGen: 1022559K->607K(1022976K)] 1052364K->30436K(3070976K), 0.0052301 secs] [Times: user=0.01 sys=0.00, real=0.01 secs] 
2021-03-16T17:56:42.475+1030: 1062.242: [GC (Allocation Failure) [PSYoungGen: 1022559K->671K(1022976K)] 1052388K->30508K(3070976K), 0.0044585 secs] [Times: user=0.00 sys=0.00, real=0.01 secs] 
2021-03-16T17:56:50.065+1030: 1069.831: [GC (Allocation Failure) [PSYoungGen: 1022623K->703K(1022976K)] 1052460K->30572K(3070976K), 0.0038591 secs] [Times: user=0.00 sys=0.00, real=0.01 secs] 
2021-03-16T17:56:57.501+1030: 1077.267: [GC (Allocation Failure) [PSYoungGen: 1022655K->480K(1022976K)] 1052524K->30652K(3070976K), 0.0047230 secs] [Times: user=0.00 sys=0.00, real=0.00 secs] 
2021-03-16T17:57:04.976+1030: 1084.742: [GC (GCLocker Initiated GC) [PSYoungGen: 1022432K->798K(1022976K)] 1052604K->30970K(3070976K), 0.0032151 secs] [Times: user=0.00 sys=0.00, real=0.01 secs] 
2021-03-16T17:57:12.471+1030: 1092.238: [GC (Allocation Failure) [PSYoungGen: 1022750K->830K(1022976K)] 1052925K->31005K(3070976K), 0.0034886 secs] [Times: user=0.01 sys=0.00, real=0.00 secs] 
2021-03-16T17:57:19.543+1030: 1099.310: [GC (Allocation Failure) [PSYoungGen: 1022782K->830K(1022976K)] 1052957K->31005K(3070976K), 0.0024106 secs] [Times: user=0.00 sys=0.00, real=0.00 secs] 
2021-03-16T17:57:26.523+1030: 1106.289: [GC (Allocation Failure) [PSYoungGen: 1022782K->862K(1022976K)] 1052957K->31037K(3070976K), 0.0025570 secs] [Times: user=0.01 sys=0.00, real=0.00 secs] 
2021-03-16T17:57:33.986+1030: 1113.753: [GC (Allocation Failure) [PSYoungGen: 1022814K->926K(1021952K)] 1052989K->31101K(3069952K), 0.0021202 secs] [Times: user=0.01 sys=0.00, real=0.01 secs] 
2021-03-16T17:57:41.387+1030: 1121.154: [GC (Allocation Failure) [PSYoungGen: 1021854K->958K(1022464K)] 1052029K->31133K(3070464K), 0.0020486 secs] [Times: user=0.01 sys=0.00, real=0.01 secs] 
2021-03-16T17:57:48.771+1030: 1128.538: [GC (Allocation Failure) [PSYoungGen: 1021886K->894K(1022464K)] 1052061K->31109K(3070464K), 0.0021348 secs] [Times: user=0.01 sys=0.00, real=0.00 secs] 
2021-03-16T17:57:56.227+1030: 1135.993: [GC (GCLocker Initiated GC) [PSYoungGen: 1021822K->894K(1022464K)] 1052038K->31190K(3070464K), 0.0044689 secs] [Times: user=0.01 sys=0.00, real=0.01 secs] 
2021-03-16T17:58:03.740+1030: 1143.507: [GC (Allocation Failure) [PSYoungGen: 1021822K->894K(1022464K)] 1052121K->31225K(3070464K), 0.0026602 secs] [Times: user=0.01 sys=0.00, real=0.00 secs] 
2021-03-16T17:58:11.210+1030: 1150.977: [GC (Allocation Failure) [PSYoungGen: 1021822K->894K(1022464K)] 1052153K->31297K(3070464K), 0.0022559 secs] [Times: user=0.00 sys=0.00, real=0.00 secs] 
2021-03-16T17:58:18.742+1030: 1158.509: [GC (Allocation Failure) [PSYoungGen: 1021822K->958K(1022464K)] 1052225K->31369K(3070464K), 0.0020837 secs] [Times: user=0.00 sys=0.00, real=0.00 secs] 
2021-03-16T17:58:25.954+1030: 1165.721: [GC (Allocation Failure) [PSYoungGen: 1021886K->926K(1022464K)] 1052297K->31377K(3070464K), 0.0020460 secs] [Times: user=0.00 sys=0.00, real=0.00 secs] 
2021-03-16T17:58:33.403+1030: 1173.169: [GC (Allocation Failure) [PSYoungGen: 1021854K->512K(1022464K)] 1052305K->31018K(3070464K), 0.0020367 secs] [Times: user=0.00 sys=0.00, real=0.00 secs] 
2021-03-16T17:58:40.679+1030: 1180.445: [GC (Allocation Failure) [PSYoungGen: 1021440K->445K(1022464K)] 1051946K->31024K(3070464K), 0.0021084 secs] [Times: user=0.00 sys=0.00, real=0.00 secs] 
2021-03-16T17:58:48.180+1030: 1187.946: [GC (Allocation Failure) [PSYoungGen: 1021373K->445K(1022464K)] 1051952K->31088K(3070464K), 0.0020982 secs] [Times: user=0.01 sys=0.00, real=0.00 secs] 
2021-03-16T17:58:54.996+1030: 1194.763: [GC (Allocation Failure) [PSYoungGen: 1021373K->384K(1022464K)] 1052016K->31066K(3070464K), 0.0018935 secs] [Times: user=0.00 sys=0.00, real=0.01 secs] 
2021-03-16T17:59:01.356+1030: 1201.123: [GC (Allocation Failure) [PSYoungGen: 1021312K->349K(1022464K)] 1051994K->31040K(3070464K), 0.0044056 secs] [Times: user=0.00 sys=0.00, real=0.01 secs] 
2021-03-16T17:59:07.807+1030: 1207.573: [GC (Allocation Failure) [PSYoungGen: 1021277K->349K(1022464K)] 1051968K->31040K(3070464K), 0.0045457 secs] [Times: user=0.00 sys=0.00, real=0.01 secs] 
2021-03-16T17:59:14.184+1030: 1213.950: [GC (Allocation Failure) [PSYoungGen: 1021277K->381K(1022464K)] 1051968K->31072K(3070464K), 0.0045674 secs] [Times: user=0.00 sys=0.00, real=0.01 secs] 
2021-03-16T17:59:20.867+1030: 1220.634: [GC (Allocation Failure) [PSYoungGen: 1021309K->416K(1022464K)] 1052000K->31106K(3070464K), 0.0059522 secs] [Times: user=0.00 sys=0.00, real=0.00 secs] 
2021-03-16T17:59:27.230+1030: 1226.996: [GC (Allocation Failure) [PSYoungGen: 1021344K->384K(1022464K)] 1052034K->31074K(3070464K), 0.0039155 secs] [Times: user=0.00 sys=0.00, real=0.00 secs] 
2021-03-16T17:59:33.684+1030: 1233.451: [GC (Allocation Failure) [PSYoungGen: 1021312K->416K(1022464K)] 1052002K->31106K(3070464K), 0.0044608 secs] [Times: user=0.00 sys=0.00, real=0.01 secs] 
2021-03-16T17:59:40.626+1030: 1240.393: [GC (Allocation Failure) [PSYoungGen: 1021344K->381K(1022464K)] 1052034K->31080K(3070464K), 0.0047388 secs] [Times: user=0.00 sys=0.00, real=0.01 secs] 
2021-03-16T17:59:48.072+1030: 1247.839: [GC (Allocation Failure) [PSYoungGen: 1021309K->413K(1022464K)] 1052008K->31120K(3070464K), 0.0025912 secs] [Times: user=0.01 sys=0.00, real=0.00 secs] 
2021-03-16T17:59:55.523+1030: 1255.289: [GC (Allocation Failure) [PSYoungGen: 1021341K->413K(1022976K)] 1052048K->31120K(3070976K), 0.0023759 secs] [Times: user=0.00 sys=0.00, real=0.00 secs] 
2021-03-16T18:00:02.997+1030: 1262.763: [GC (Allocation Failure) [PSYoungGen: 1021853K->448K(1022464K)] 1052560K->31154K(3070464K), 0.0018456 secs] [Times: user=0.00 sys=0.00, real=0.01 secs] 
2021-03-16T18:00:10.438+1030: 1270.205: [GC (Allocation Failure) [PSYoungGen: 1021888K->480K(1022976K)] 1052594K->31186K(3070976K), 0.0017562 secs] [Times: user=0.01 sys=0.00, real=0.00 secs] 
2021-03-16T18:00:17.727+1030: 1277.494: [GC (Allocation Failure) [PSYoungGen: 1022432K->224K(1022976K)] 1053138K->31224K(3070976K), 0.0019640 secs] [Times: user=0.00 sys=0.00, real=0.01 secs] 
2021-03-16T18:00:24.770+1030: 1284.536: [GC (Allocation Failure) [PSYoungGen: 1022176K->224K(1022976K)] 1053176K->31240K(3070976K), 0.0016784 secs] [Times: user=0.00 sys=0.00, real=0.00 secs] 
2021-03-16T18:00:31.957+1030: 1291.724: [GC (Allocation Failure) [PSYoungGen: 1022176K->224K(1022976K)] 1053192K->31272K(3070976K), 0.0020118 secs] [Times: user=0.00 sys=0.00, real=0.01 secs] 
2021-03-16T18:00:39.437+1030: 1299.203: [GC (Allocation Failure) [PSYoungGen: 1022176K->256K(1022976K)] 1053224K->31312K(3070976K), 0.0030014 secs] [Times: user=0.01 sys=0.00, real=0.01 secs] 
2021-03-16T18:00:46.835+1030: 1306.601: [GC (Allocation Failure) [PSYoungGen: 1022208K->288K(1022976K)] 1053264K->31344K(3070976K), 0.0041332 secs] [Times: user=0.01 sys=0.00, real=0.01 secs] 
2021-03-16T18:00:54.211+1030: 1313.977: [GC (Allocation Failure) [PSYoungGen: 1022240K->288K(1022976K)] 1053296K->31344K(3070976K), 0.0024814 secs] [Times: user=0.01 sys=0.00, real=0.00 secs] 
2021-03-16T18:01:01.639+1030: 1321.405: [GC (Allocation Failure) [PSYoungGen: 1022240K->320K(1022976K)] 1053296K->31392K(3070976K), 0.0019072 secs] [Times: user=0.00 sys=0.00, real=0.00 secs] 
2021-03-16T18:01:08.561+1030: 1328.327: [GC (Allocation Failure) [PSYoungGen: 1022272K->384K(1022976K)] 1053344K->31456K(3070976K), 0.0017317 secs] [Times: user=0.01 sys=0.00, real=0.00 secs] 
2021-03-16T18:01:15.710+1030: 1335.476: [GC (Allocation Failure) [PSYoungGen: 1022336K->352K(1022976K)] 1053408K->31424K(3070976K), 0.0025015 secs] [Times: user=0.00 sys=0.00, real=0.00 secs] 
2021-03-16T18:01:23.121+1030: 1342.887: [GC (Allocation Failure) [PSYoungGen: 1022304K->352K(1022976K)] 1053376K->31424K(3070976K), 0.0020206 secs] [Times: user=0.00 sys=0.00, real=0.00 secs] 
2021-03-16T18:01:30.420+1030: 1350.187: [GC (Allocation Failure) [PSYoungGen: 1022304K->352K(1022976K)] 1053376K->31424K(3070976K), 0.0047772 secs] [Times: user=0.01 sys=0.00, real=0.00 secs] 
2021-03-16T18:01:37.833+1030: 1357.599: [GC (Allocation Failure) [PSYoungGen: 1022304K->352K(1022976K)] 1053376K->31432K(3070976K), 0.0036630 secs] [Times: user=0.00 sys=0.00, real=0.00 secs] 
2021-03-16T18:01:45.331+1030: 1365.098: [GC (Allocation Failure) [PSYoungGen: 1022304K->320K(1022976K)] 1053384K->31424K(3070976K), 0.0038722 secs] [Times: user=0.00 sys=0.00, real=0.00 secs] 
2021-03-16T18:01:52.255+1030: 1372.021: [GC (Allocation Failure) [PSYoungGen: 1022272K->320K(1022976K)] 1053376K->31440K(3070976K), 0.0038267 secs] [Times: user=0.00 sys=0.00, real=0.01 secs] 
2021-03-16T18:01:59.509+1030: 1379.276: [GC (Allocation Failure) [PSYoungGen: 1022272K->320K(1022976K)] 1053392K->31464K(3070976K), 0.0033982 secs] [Times: user=0.01 sys=0.00, real=0.00 secs] 
2021-03-16T18:02:06.506+1030: 1386.272: [GC (Allocation Failure) [PSYoungGen: 1022272K->288K(1022976K)] 1053416K->31480K(3070976K), 0.0047478 secs] [Times: user=0.00 sys=0.00, real=0.01 secs] 
2021-03-16T18:02:13.652+1030: 1393.419: [GC (Allocation Failure) [PSYoungGen: 1022240K->256K(1022976K)] 1053432K->31464K(3070976K), 0.0026267 secs] [Times: user=0.00 sys=0.00, real=0.00 secs] 
2021-03-16T18:02:20.911+1030: 1400.677: [GC (Allocation Failure) [PSYoungGen: 1022208K->256K(1022976K)] 1053416K->31512K(3070976K), 0.0025385 secs] [Times: user=0.01 sys=0.00, real=0.00 secs] 
2021-03-16T18:02:28.286+1030: 1408.052: [GC (Allocation Failure) [PSYoungGen: 1022208K->512K(1022976K)] 1053464K->31825K(3070976K), 0.0020784 secs] [Times: user=0.01 sys=0.00, real=0.01 secs] 
2021-03-16T18:02:35.665+1030: 1415.432: [GC (Allocation Failure) [PSYoungGen: 1022464K->544K(1022976K)] 1053777K->31873K(3070976K), 0.0020264 secs] [Times: user=0.00 sys=0.00, real=0.00 secs] 
2021-03-16T18:02:43.116+1030: 1422.883: [GC (Allocation Failure) [PSYoungGen: 1022496K->512K(1022976K)] 1053825K->31865K(3070976K), 0.0021262 secs] [Times: user=0.00 sys=0.00, real=0.01 secs] 
2021-03-16T18:02:50.578+1030: 1430.345: [GC (Allocation Failure) [PSYoungGen: 1022464K->512K(1022976K)] 1053817K->31905K(3070976K), 0.0019979 secs] [Times: user=0.00 sys=0.00, real=0.00 secs] 
2021-03-16T18:02:58.034+1030: 1437.801: [GC (Allocation Failure) [PSYoungGen: 1022464K->512K(1022976K)] 1053857K->31937K(3070976K), 0.0021110 secs] [Times: user=0.01 sys=0.00, real=0.00 secs] 
2021-03-16T18:03:05.196+1030: 1444.962: [GC (Allocation Failure) [PSYoungGen: 1022464K->576K(1022976K)] 1053889K->32009K(3070976K), 0.0019681 secs] [Times: user=0.00 sys=0.00, real=0.01 secs] 
2021-03-16T18:03:12.636+1030: 1452.403: [GC (Allocation Failure) [PSYoungGen: 1022528K->576K(1022976K)] 1053961K->32025K(3070976K), 0.0019357 secs] [Times: user=0.00 sys=0.00, real=0.01 secs] 
2021-03-16T18:03:20.220+1030: 1459.986: [GC (Allocation Failure) [PSYoungGen: 1022528K->608K(1022976K)] 1053977K->32065K(3070976K), 0.0020957 secs] [Times: user=0.00 sys=0.00, real=0.00 secs] 
2021-03-16T18:03:27.602+1030: 1467.369: [GC (Allocation Failure) [PSYoungGen: 1022560K->640K(1022976K)] 1054017K->32097K(3070976K), 0.0020008 secs] [Times: user=0.01 sys=0.00, real=0.00 secs] 
2021-03-16T18:03:34.629+1030: 1474.395: [GC (Allocation Failure) [PSYoungGen: 1022592K->608K(1022976K)] 1054049K->32065K(3070976K), 0.0045255 secs] [Times: user=0.01 sys=0.01, real=0.00 secs] 
2021-03-16T18:03:42.069+1030: 1481.835: [GC (Allocation Failure) [PSYoungGen: 1022560K->672K(1022976K)] 1054017K->32129K(3070976K), 0.0026850 secs] [Times: user=0.01 sys=0.00, real=0.00 secs] 
2021-03-16T18:03:49.481+1030: 1489.247: [GC (Allocation Failure) [PSYoungGen: 1022624K->672K(1022976K)] 1054081K->32137K(3070976K), 0.0025955 secs] [Times: user=0.01 sys=0.00, real=0.00 secs] 
2021-03-16T18:03:56.787+1030: 1496.553: [GC (Allocation Failure) [PSYoungGen: 1022624K->672K(1022976K)] 1054089K->32169K(3070976K), 0.0019300 secs] [Times: user=0.00 sys=0.00, real=0.01 secs] 
2021-03-16T18:04:04.293+1030: 1504.060: [GC (Allocation Failure) [PSYoungGen: 1022624K->672K(1022976K)] 1054121K->32185K(3070976K), 0.0018911 secs] [Times: user=0.00 sys=0.00, real=0.00 secs] 
2021-03-16T18:04:11.842+1030: 1511.609: [GC (Allocation Failure) [PSYoungGen: 1022624K->736K(1022976K)] 1054137K->32257K(3070976K), 0.0032650 secs] [Times: user=0.00 sys=0.00, real=0.00 secs] 
2021-03-16T18:04:19.368+1030: 1519.134: [GC (Allocation Failure) [PSYoungGen: 1022688K->480K(1022976K)] 1054209K->32321K(3070976K), 0.0038690 secs] [Times: user=0.00 sys=0.00, real=0.00 secs] 
2021-03-16T18:04:26.867+1030: 1526.633: [GC (Allocation Failure) [PSYoungGen: 1022432K->512K(1022976K)] 1054273K->32385K(3070976K), 0.0024537 secs] [Times: user=0.01 sys=0.00, real=0.01 secs] 
2021-03-16T18:04:34.309+1030: 1534.075: [GC (Allocation Failure) [PSYoungGen: 1022464K->512K(1022976K)] 1054337K->32401K(3070976K), 0.0019470 secs] [Times: user=0.00 sys=0.00, real=0.00 secs] 
2021-03-16T18:04:41.877+1030: 1541.644: [GC (Allocation Failure) [PSYoungGen: 1022464K->448K(1022976K)] 1054353K->32377K(3070976K), 0.0033654 secs] [Times: user=0.00 sys=0.00, real=0.00 secs] 
2021-03-16T18:04:49.373+1030: 1549.140: [GC (Allocation Failure) [PSYoungGen: 1022400K->480K(1022976K)] 1054329K->32425K(3070976K), 0.0027486 secs] [Times: user=0.00 sys=0.00, real=0.00 secs] 
2021-03-16T18:04:56.716+1030: 1556.482: [GC (Allocation Failure) [PSYoungGen: 1022432K->735K(1022976K)] 1054377K->32736K(3070976K), 0.0044523 secs] [Times: user=0.01 sys=0.00, real=0.01 secs] 
2021-03-16T18:05:03.734+1030: 1563.500: [GC (Allocation Failure) [PSYoungGen: 1022687K->767K(1022976K)] 1054688K->32808K(3070976K), 0.0021501 secs] [Times: user=0.00 sys=0.00, real=0.00 secs] 
2021-03-16T18:05:11.223+1030: 1570.990: [GC (Allocation Failure) [PSYoungGen: 1022719K->799K(1022976K)] 1054760K->32872K(3070976K), 0.0025697 secs] [Times: user=0.00 sys=0.00, real=0.00 secs] 
2021-03-16T18:05:18.639+1030: 1578.405: [GC (Allocation Failure) [PSYoungGen: 1022751K->799K(1022976K)] 1054824K->32896K(3070976K), 0.0020595 secs] [Times: user=0.00 sys=0.00, real=0.00 secs] 
2021-03-16T18:05:26.114+1030: 1585.880: [GC (Allocation Failure) [PSYoungGen: 1022751K->831K(1022976K)] 1054848K->32936K(3070976K), 0.0020801 secs] [Times: user=0.00 sys=0.00, real=0.00 secs] 
2021-03-16T18:05:33.628+1030: 1593.394: [GC (Allocation Failure) [PSYoungGen: 1022783K->863K(1021952K)] 1054888K->33000K(3069952K), 0.0021425 secs] [Times: user=0.00 sys=0.01, real=0.00 secs] 
2021-03-16T18:05:40.926+1030: 1600.692: [GC (Allocation Failure) [PSYoungGen: 1021791K->831K(1022464K)] 1053928K->32992K(3070464K), 0.0019164 secs] [Times: user=0.00 sys=0.00, real=0.01 secs] 
2021-03-16T18:05:48.311+1030: 1608.078: [GC (GCLocker Initiated GC) [PSYoungGen: 1021759K->831K(1022464K)] 1053928K->33048K(3070464K), 0.0018568 secs] [Times: user=0.00 sys=0.00, real=0.00 secs] 
2021-03-16T18:05:55.810+1030: 1615.576: [GC (Allocation Failure) [PSYoungGen: 1021759K->831K(1022464K)] 1053980K->33076K(3070464K), 0.0019452 secs] [Times: user=0.00 sys=0.00, real=0.00 secs] 
2021-03-16T18:06:03.295+1030: 1623.061: [GC (Allocation Failure) [PSYoungGen: 1021759K->799K(1022464K)] 1054004K->33100K(3070464K), 0.0020722 secs] [Times: user=0.01 sys=0.00, real=0.00 secs] 
2021-03-16T18:06:10.877+1030: 1630.643: [GC (Allocation Failure) [PSYoungGen: 1021727K->831K(1022464K)] 1054028K->33204K(3070464K), 0.0021387 secs] [Times: user=0.00 sys=0.00, real=0.01 secs] 
2021-03-16T18:06:18.308+1030: 1638.075: [GC (Allocation Failure) [PSYoungGen: 1021759K->799K(1022464K)] 1054132K->33220K(3070464K), 0.0052227 secs] [Times: user=0.00 sys=0.00, real=0.00 secs] 
2021-03-16T18:06:25.808+1030: 1645.574: [GC (Allocation Failure) [PSYoungGen: 1021727K->799K(1022464K)] 1054148K->33236K(3070464K), 0.0019533 secs] [Times: user=0.01 sys=0.00, real=0.00 secs] 
2021-03-16T18:06:33.080+1030: 1652.846: [GC (Allocation Failure) [PSYoungGen: 1021727K->831K(1022464K)] 1054164K->33276K(3070464K), 0.0022911 secs] [Times: user=0.00 sys=0.00, real=0.00 secs] 
2021-03-16T18:06:40.076+1030: 1659.843: [GC (Allocation Failure) [PSYoungGen: 1021759K->831K(1022464K)] 1054204K->33292K(3070464K), 0.0019678 secs] [Times: user=0.01 sys=0.00, real=0.01 secs] 
2021-03-16T18:06:47.188+1030: 1666.954: [GC (Allocation Failure) [PSYoungGen: 1021759K->349K(1022464K)] 1054220K->32818K(3070464K), 0.0040264 secs] [Times: user=0.00 sys=0.00, real=0.00 secs] 
2021-03-16T18:06:54.580+1030: 1674.347: [GC (Allocation Failure) [PSYoungGen: 1021277K->349K(1022464K)] 1053746K->32818K(3070464K), 0.0025323 secs] [Times: user=0.00 sys=0.00, real=0.00 secs] 
2021-03-16T18:07:01.946+1030: 1681.713: [GC (Allocation Failure) [PSYoungGen: 1021277K->349K(1022464K)] 1053746K->32818K(3070464K), 0.0025411 secs] [Times: user=0.00 sys=0.00, real=0.01 secs] 
2021-03-16T18:07:09.396+1030: 1689.162: [GC (Allocation Failure) [PSYoungGen: 1021277K->381K(1022464K)] 1053746K->32850K(3070464K), 0.0019881 secs] [Times: user=0.00 sys=0.00, real=0.01 secs] 
2021-03-16T18:07:16.786+1030: 1696.553: [GC (Allocation Failure) [PSYoungGen: 1021309K->381K(1022464K)] 1053778K->32850K(3070464K), 0.0019450 secs] [Times: user=0.01 sys=0.00, real=0.01 secs] 
2021-03-16T18:07:24.101+1030: 1703.867: [GC (Allocation Failure) [PSYoungGen: 1021309K->413K(1022464K)] 1053778K->32882K(3070464K), 0.0018587 secs] [Times: user=0.00 sys=0.00, real=0.00 secs] 
2021-03-16T18:07:31.562+1030: 1711.328: [GC (Allocation Failure) [PSYoungGen: 1021341K->448K(1022464K)] 1053810K->32917K(3070464K), 0.0021362 secs] [Times: user=0.00 sys=0.00, real=0.00 secs] 
2021-03-16T18:07:39.087+1030: 1718.853: [GC (GCLocker Initiated GC) [PSYoungGen: 1021376K->477K(1022464K)] 1053855K->32964K(3070464K), 0.0021136 secs] [Times: user=0.00 sys=0.00, real=0.01 secs] 
2021-03-16T18:07:46.287+1030: 1726.053: [GC (Allocation Failure) [PSYoungGen: 1021405K->477K(1022976K)] 1053894K->32974K(3070976K), 0.0043774 secs] [Times: user=0.01 sys=0.00, real=0.01 secs] 
2021-03-16T18:07:53.742+1030: 1733.508: [GC (Allocation Failure) [PSYoungGen: 1021917K->509K(1022464K)] 1054414K->33014K(3070464K), 0.0019394 secs] [Times: user=0.01 sys=0.00, real=0.00 secs] 
2021-03-16T18:08:01.192+1030: 1740.958: [GC (Allocation Failure) [PSYoungGen: 1021949K->541K(1022976K)] 1054454K->33046K(3070976K), 0.0036329 secs] [Times: user=0.00 sys=0.00, real=0.00 secs] 
2021-03-16T18:08:07.862+1030: 1747.628: [GC (Allocation Failure) [PSYoungGen: 1022493K->541K(1022976K)] 1054998K->33046K(3070976K), 0.0024270 secs] [Times: user=0.00 sys=0.00, real=0.00 secs] 
2021-03-16T18:08:15.142+1030: 1754.908: [GC (Allocation Failure) [PSYoungGen: 1022493K->573K(1022976K)] 1054998K->33078K(3070976K), 0.0024470 secs] [Times: user=0.00 sys=0.00, real=0.00 secs] 
2021-03-16T18:08:22.620+1030: 1762.387: [GC (Allocation Failure) [PSYoungGen: 1022525K->608K(1022976K)] 1055030K->33113K(3070976K), 0.0021962 secs] [Times: user=0.00 sys=0.00, real=0.00 secs] 
2021-03-16T18:08:30.026+1030: 1769.793: [GC (Allocation Failure) [PSYoungGen: 1022560K->672K(1022976K)] 1055065K->33177K(3070976K), 0.0020177 secs] [Times: user=0.00 sys=0.00, real=0.01 secs] 
2021-03-16T18:08:37.307+1030: 1777.073: [GC (Allocation Failure) [PSYoungGen: 1022624K->416K(1022976K)] 1055129K->33214K(3070976K), 0.0021454 secs] [Times: user=0.00 sys=0.00, real=0.01 secs] 
2021-03-16T18:08:44.729+1030: 1784.495: [GC (Allocation Failure) [PSYoungGen: 1022368K->448K(1022976K)] 1055166K->33246K(3070976K), 0.0020177 secs] [Times: user=0.01 sys=0.00, real=0.00 secs] 
2021-03-16T18:08:52.164+1030: 1791.930: [GC (Allocation Failure) [PSYoungGen: 1022400K->731K(1022976K)] 1055198K->33538K(3070976K), 0.0019716 secs] [Times: user=0.00 sys=0.00, real=0.00 secs] 
2021-03-16T18:08:59.797+1030: 1799.563: [GC (Allocation Failure) [PSYoungGen: 1022683K->736K(1022976K)] 1055490K->33582K(3070976K), 0.0019066 secs] [Times: user=0.00 sys=0.00, real=0.01 secs] 
2021-03-16T18:09:07.168+1030: 1806.934: [GC (Allocation Failure) [PSYoungGen: 1022688K->704K(1022976K)] 1055534K->33566K(3070976K), 0.0051515 secs] [Times: user=0.01 sys=0.00, real=0.00 secs] 
2021-03-16T18:09:14.651+1030: 1814.418: [GC (Allocation Failure) [PSYoungGen: 1022656K->795K(1022976K)] 1055518K->33674K(3070976K), 0.0019656 secs] [Times: user=0.00 sys=0.00, real=0.00 secs] 
2021-03-16T18:09:22.064+1030: 1821.830: [GC (Allocation Failure) [PSYoungGen: 1022747K->768K(1022976K)] 1055626K->33702K(3070976K), 0.0032130 secs] [Times: user=0.01 sys=0.00, real=0.00 secs] 
2021-03-16T18:09:29.478+1030: 1829.245: [GC (Allocation Failure) [PSYoungGen: 1022720K->768K(1022976K)] 1055654K->33742K(3070976K), 0.0026676 secs] [Times: user=0.00 sys=0.00, real=0.00 secs] 
2021-03-16T18:09:36.567+1030: 1836.333: [GC (Allocation Failure) [PSYoungGen: 1022720K->699K(1022976K)] 1055694K->33706K(3070976K), 0.0033503 secs] [Times: user=0.00 sys=0.00, real=0.01 secs] 
2021-03-16T18:09:43.619+1030: 1843.385: [GC (Allocation Failure) [PSYoungGen: 1022651K->731K(1022976K)] 1055658K->33778K(3070976K), 0.0019923 secs] [Times: user=0.00 sys=0.00, real=0.00 secs] 
2021-03-16T18:09:50.992+1030: 1850.758: [GC (Allocation Failure) [PSYoungGen: 1022683K->731K(1022976K)] 1055730K->33810K(3070976K), 0.0032825 secs] [Times: user=0.01 sys=0.00, real=0.00 secs] 
2021-03-16T18:09:58.457+1030: 1858.223: [GC (Allocation Failure) [PSYoungGen: 1022683K->795K(1022976K)] 1055762K->33882K(3070976K), 0.0019341 secs] [Times: user=0.01 sys=0.00, real=0.01 secs] 
2021-03-16T18:10:06.031+1030: 1865.797: [GC (Allocation Failure) [PSYoungGen: 1022747K->827K(1022976K)] 1055834K->33930K(3070976K), 0.0019630 secs] [Times: user=0.00 sys=0.00, real=0.00 secs] 
2021-03-16T18:10:13.541+1030: 1873.307: [GC (GCLocker Initiated GC) [PSYoungGen: 1022779K->445K(1021952K)] 1055890K->33604K(3069952K), 0.0020160 secs] [Times: user=0.00 sys=0.00, real=0.00 secs] 
2021-03-16T18:10:21.032+1030: 1880.798: [GC (Allocation Failure) [PSYoungGen: 1021373K->445K(1022464K)] 1054536K->33648K(3070464K), 0.0021813 secs] [Times: user=0.00 sys=0.00, real=0.00 secs] 
2021-03-16T18:10:28.463+1030: 1888.230: [GC (Allocation Failure) [PSYoungGen: 1021373K->445K(1022464K)] 1054576K->33680K(3070464K), 0.0018108 secs] [Times: user=0.01 sys=0.00, real=0.00 secs] 
2021-03-16T18:10:35.750+1030: 1895.516: [GC (Allocation Failure) [PSYoungGen: 1021373K->445K(1022464K)] 1054608K->33720K(3070464K), 0.0040540 secs] [Times: user=0.01 sys=0.00, real=0.00 secs] 
2021-03-16T18:10:43.026+1030: 1902.792: [GC (Allocation Failure) [PSYoungGen: 1021373K->445K(1022976K)] 1054648K->33744K(3070976K), 0.0025278 secs] [Times: user=0.00 sys=0.00, real=0.01 secs] 
2021-03-16T18:10:50.265+1030: 1910.031: [GC (Allocation Failure) [PSYoungGen: 1022397K->445K(1022976K)] 1055696K->33744K(3070976K), 0.0019713 secs] [Times: user=0.00 sys=0.01, real=0.00 secs] 
2021-03-16T18:10:57.823+1030: 1917.589: [GC (Allocation Failure) [PSYoungGen: 1022397K->477K(1022976K)] 1055696K->33776K(3070976K), 0.0022197 secs] [Times: user=0.01 sys=0.00, real=0.00 secs] 
2021-03-16T18:11:05.234+1030: 1925.000: [GC (Allocation Failure) [PSYoungGen: 1022429K->512K(1022976K)] 1055728K->33810K(3070976K), 0.0022718 secs] [Times: user=0.00 sys=0.00, real=0.00 secs] 
2021-03-16T18:11:12.183+1030: 1931.949: [GC (Allocation Failure) [PSYoungGen: 1022464K->509K(1022976K)] 1055762K->33808K(3070976K), 0.0020038 secs] [Times: user=0.00 sys=0.00, real=0.00 secs] 
2021-03-16T18:11:19.357+1030: 1939.123: [GC (Allocation Failure) [PSYoungGen: 1022461K->477K(1022976K)] 1055760K->33776K(3070976K), 0.0031357 secs] [Times: user=0.00 sys=0.00, real=0.01 secs] 
2021-03-16T18:11:26.426+1030: 1946.193: [GC (Allocation Failure) [PSYoungGen: 1022429K->509K(1022976K)] 1055728K->33808K(3070976K), 0.0019707 secs] [Times: user=0.01 sys=0.00, real=0.01 secs] 
2021-03-16T18:11:33.977+1030: 1953.744: [GC (Allocation Failure) [PSYoungGen: 1022461K->541K(1022976K)] 1055760K->33840K(3070976K), 0.0022928 secs] [Times: user=0.01 sys=0.00, real=0.01 secs] 
2021-03-16T18:11:41.320+1030: 1961.087: [GC (Allocation Failure) [PSYoungGen: 1022493K->573K(1022976K)] 1055792K->33872K(3070976K), 0.0021785 secs] [Times: user=0.00 sys=0.00, real=0.00 secs] 
2021-03-16T18:11:48.684+1030: 1968.450: [GC (Allocation Failure) [PSYoungGen: 1022525K->573K(1022976K)] 1055824K->33872K(3070976K), 0.0020967 secs] [Times: user=0.00 sys=0.00, real=0.00 secs] 
2021-03-16T18:11:56.184+1030: 1975.951: [GC (Allocation Failure) [PSYoungGen: 1022525K->608K(1022976K)] 1055824K->33906K(3070976K), 0.0063817 secs] [Times: user=0.00 sys=0.00, real=0.01 secs] 
2021-03-16T18:12:03.538+1030: 1983.305: [GC (Allocation Failure) [PSYoungGen: 1022560K->320K(1022976K)] 1055858K->33912K(3070976K), 0.0019190 secs] [Times: user=0.00 sys=0.00, real=0.00 secs] 
2021-03-16T18:12:10.858+1030: 1990.624: [GC (GCLocker Initiated GC) [PSYoungGen: 1022272K->320K(1022976K)] 1055866K->33954K(3070976K), 0.0027964 secs] [Times: user=0.01 sys=0.00, real=0.00 secs] 
2021-03-16T18:12:18.384+1030: 1998.151: [GC (Allocation Failure) [PSYoungGen: 1022272K->320K(1022976K)] 1055910K->33974K(3070976K), 0.0020738 secs] [Times: user=0.01 sys=0.00, real=0.00 secs] 
2021-03-16T18:12:25.590+1030: 2005.356: [GC (Allocation Failure) [PSYoungGen: 1022272K->288K(1022976K)] 1055926K->33990K(3070976K), 0.0020627 secs] [Times: user=0.01 sys=0.00, real=0.00 secs] 
2021-03-16T18:12:33.081+1030: 2012.847: [GC (Allocation Failure) [PSYoungGen: 1022240K->352K(1022976K)] 1055942K->34070K(3070976K), 0.0020314 secs] [Times: user=0.00 sys=0.00, real=0.00 secs] 
2021-03-16T18:12:40.488+1030: 2020.254: [GC (Allocation Failure) [PSYoungGen: 1022304K->352K(1022976K)] 1056022K->34078K(3070976K), 0.0021061 secs] [Times: user=0.00 sys=0.00, real=0.00 secs] 
2021-03-16T18:12:47.482+1030: 2027.248: [GC (Allocation Failure) [PSYoungGen: 1022304K->636K(1022976K)] 1056030K->34411K(3070976K), 0.0025037 secs] [Times: user=0.00 sys=0.00, real=0.00 secs] 
2021-03-16T18:12:55.079+1030: 2034.845: [GC (Allocation Failure) [PSYoungGen: 1022588K->672K(1022976K)] 1056363K->34478K(3070976K), 0.0020063 secs] [Times: user=0.01 sys=0.00, real=0.00 secs] 
2021-03-16T18:13:02.521+1030: 2042.288: [GC (Allocation Failure) [PSYoungGen: 1022624K->700K(1022976K)] 1056430K->34531K(3070976K), 0.0026366 secs] [Times: user=0.01 sys=0.00, real=0.00 secs] 
2021-03-16T18:13:09.936+1030: 2049.702: [GC (Allocation Failure) [PSYoungGen: 1022652K->700K(1022976K)] 1056483K->34539K(3070976K), 0.0030896 secs] [Times: user=0.00 sys=0.00, real=0.01 secs] 
2021-03-16T18:13:17.119+1030: 2056.886: [GC (Allocation Failure) [PSYoungGen: 1022652K->764K(1022976K)] 1056491K->34603K(3070976K), 0.0019730 secs] [Times: user=0.01 sys=0.00, real=0.00 secs] 
2021-03-16T18:13:24.607+1030: 2064.373: [GC (Allocation Failure) [PSYoungGen: 1022716K->764K(1022976K)] 1056555K->34627K(3070976K), 0.0048098 secs] [Times: user=0.01 sys=0.00, real=0.01 secs] 
2021-03-16T18:13:31.884+1030: 2071.651: [GC (Allocation Failure) [PSYoungGen: 1022716K->736K(1022976K)] 1056579K->34630K(3070976K), 0.0040931 secs] [Times: user=0.01 sys=0.00, real=0.01 secs] 
2021-03-16T18:13:39.408+1030: 2079.174: [GC (Allocation Failure) [PSYoungGen: 1022688K->800K(1021952K)] 1056582K->34710K(3069952K), 0.0023143 secs] [Times: user=0.00 sys=0.00, real=0.00 secs] 
2021-03-16T18:13:46.909+1030: 2086.676: [GC (Allocation Failure) [PSYoungGen: 1021728K->796K(1022464K)] 1055638K->34739K(3070464K), 0.0021452 secs] [Times: user=0.00 sys=0.00, real=0.00 secs] 
2021-03-16T18:13:53.962+1030: 2093.729: [GC (Allocation Failure) [PSYoungGen: 1021724K->828K(1022464K)] 1055667K->34795K(3070464K), 0.0020720 secs] [Times: user=0.00 sys=0.00, real=0.00 secs] 
2021-03-16T18:14:01.289+1030: 2101.055: [GC (Allocation Failure) [PSYoungGen: 1021756K->475K(1022464K)] 1055723K->34458K(3070464K), 0.0019917 secs] [Times: user=0.00 sys=0.00, real=0.00 secs] 
2021-03-16T18:14:08.687+1030: 2108.453: [GC (Allocation Failure) [PSYoungGen: 1021403K->475K(1022464K)] 1055386K->34490K(3070464K), 0.0019879 secs] [Times: user=0.01 sys=0.00, real=0.01 secs] 
2021-03-16T18:14:15.823+1030: 2115.589: [GC (Allocation Failure) [PSYoungGen: 1021403K->475K(1022464K)] 1055418K->34498K(3070464K), 0.0017476 secs] [Times: user=0.00 sys=0.00, real=0.00 secs] 
2021-03-16T18:14:22.886+1030: 2122.652: [GC (Allocation Failure) [PSYoungGen: 1021403K->443K(1022464K)] 1055426K->34546K(3070464K), 0.0020275 secs] [Times: user=0.00 sys=0.00, real=0.01 secs] 
2021-03-16T18:14:30.299+1030: 2130.065: [GC (Allocation Failure) [PSYoungGen: 1021371K->475K(1022464K)] 1055474K->34586K(3070464K), 0.0047702 secs] [Times: user=0.00 sys=0.00, real=0.00 secs] 
2021-03-16T18:14:37.790+1030: 2137.556: [GC (Allocation Failure) [PSYoungGen: 1021403K->512K(1022976K)] 1055514K->34646K(3070976K), 0.0025107 secs] [Times: user=0.01 sys=0.00, real=0.00 secs] 
2021-03-16T18:14:45.250+1030: 2145.016: [GC (Allocation Failure) [PSYoungGen: 1022464K->576K(1022976K)] 1056598K->34710K(3070976K), 0.0043663 secs] [Times: user=0.00 sys=0.00, real=0.00 secs] 
2021-03-16T18:14:52.393+1030: 2152.159: [GC (Allocation Failure) [PSYoungGen: 1022528K->608K(1022976K)] 1056662K->34742K(3070976K), 0.0020166 secs] [Times: user=0.00 sys=0.00, real=0.00 secs] 
2021-03-16T18:14:59.663+1030: 2159.430: [GC (Allocation Failure) [PSYoungGen: 1022560K->608K(1022976K)] 1056694K->34742K(3070976K), 0.0025794 secs] [Times: user=0.01 sys=0.00, real=0.00 secs] 
2021-03-16T18:15:06.766+1030: 2166.533: [GC (Allocation Failure) [PSYoungGen: 1022560K->640K(1022976K)] 1056694K->34774K(3070976K), 0.0020225 secs] [Times: user=0.00 sys=0.00, real=0.01 secs] 
2021-03-16T18:15:14.245+1030: 2174.012: [GC (Allocation Failure) [PSYoungGen: 1022592K->672K(1022976K)] 1056726K->34806K(3070976K), 0.0020591 secs] [Times: user=0.00 sys=0.00, real=0.01 secs] 
2021-03-16T18:15:21.747+1030: 2181.513: [GC (Allocation Failure) [PSYoungGen: 1022624K->353K(1022976K)] 1056758K->34488K(3070976K), 0.0019481 secs] [Times: user=0.01 sys=0.00, real=0.01 secs] 
2021-03-16T18:15:29.411+1030: 2189.177: [GC (Allocation Failure) [PSYoungGen: 1022305K->417K(1022976K)] 1056440K->34552K(3070976K), 0.0029879 secs] [Times: user=0.00 sys=0.00, real=0.00 secs] 
2021-03-16T18:15:36.955+1030: 2196.722: [GC (Allocation Failure) [PSYoungGen: 1022369K->449K(1022976K)] 1056504K->34584K(3070976K), 0.0018955 secs] [Times: user=0.00 sys=0.00, real=0.00 secs] 
2021-03-16T18:15:44.408+1030: 2204.174: [GC (Allocation Failure) [PSYoungGen: 1022401K->481K(1022976K)] 1056536K->34616K(3070976K), 0.0019599 secs] [Times: user=0.00 sys=0.01, real=0.00 secs] 
2021-03-16T18:15:51.455+1030: 2211.221: [GC (Allocation Failure) [PSYoungGen: 1022433K->481K(1022976K)] 1056568K->34616K(3070976K), 0.0020773 secs] [Times: user=0.00 sys=0.00, real=0.00 secs] 
2021-03-16T18:15:58.756+1030: 2218.522: [GC (Allocation Failure) [PSYoungGen: 1022433K->481K(1022976K)] 1056568K->34616K(3070976K), 0.0019706 secs] [Times: user=0.00 sys=0.00, real=0.01 secs] 
2021-03-16T18:16:05.989+1030: 2225.755: [GC (Allocation Failure) [PSYoungGen: 1022433K->513K(1022976K)] 1056568K->34648K(3070976K), 0.0019831 secs] [Times: user=0.01 sys=0.00, real=0.00 secs] 
2021-03-16T18:16:13.410+1030: 2233.176: [GC (Allocation Failure) [PSYoungGen: 1022465K->513K(1022976K)] 1056600K->34648K(3070976K), 0.0040378 secs] [Times: user=0.01 sys=0.00, real=0.00 secs] 
2021-03-16T18:16:20.496+1030: 2240.262: [GC (Allocation Failure) [PSYoungGen: 1022465K->545K(1022976K)] 1056600K->34680K(3070976K), 0.0024740 secs] [Times: user=0.01 sys=0.00, real=0.01 secs] 
2021-03-16T18:16:27.911+1030: 2247.678: [GC (Allocation Failure) [PSYoungGen: 1022497K->513K(1022976K)] 1056632K->34648K(3070976K), 0.0020901 secs] [Times: user=0.00 sys=0.00, real=0.00 secs] 
2021-03-16T18:16:35.408+1030: 2255.174: [GC (Allocation Failure) [PSYoungGen: 1022465K->545K(1022976K)] 1056600K->34680K(3070976K), 0.0023319 secs] [Times: user=0.00 sys=0.00, real=0.00 secs] 
2021-03-16T18:16:42.729+1030: 2262.495: [GC (Allocation Failure) [PSYoungGen: 1022497K->577K(1022976K)] 1056632K->34712K(3070976K), 0.0019119 secs] [Times: user=0.01 sys=0.00, real=0.00 secs] 
2021-03-16T18:16:50.077+1030: 2269.844: [GC (Allocation Failure) [PSYoungGen: 1022529K->577K(1022976K)] 1056664K->34712K(3070976K), 0.0021015 secs] [Times: user=0.00 sys=0.00, real=0.01 secs] 
2021-03-16T18:16:57.296+1030: 2277.062: [GC (Allocation Failure) [PSYoungGen: 1022529K->545K(1022976K)] 1056664K->34680K(3070976K), 0.0020698 secs] [Times: user=0.00 sys=0.00, real=0.01 secs] 
2021-03-16T18:17:04.779+1030: 2284.545: [GC (Allocation Failure) [PSYoungGen: 1022497K->545K(1022976K)] 1056632K->34680K(3070976K), 0.0021250 secs] [Times: user=0.00 sys=0.00, real=0.00 secs] 
2021-03-16T18:17:12.060+1030: 2291.826: [GC (Allocation Failure) [PSYoungGen: 1022497K->192K(1022976K)] 1056632K->34672K(3070976K), 0.0019643 secs] [Times: user=0.00 sys=0.00, real=0.00 secs] 
2021-03-16T18:17:19.212+1030: 2298.978: [GC (GCLocker Initiated GC) [PSYoungGen: 1022144K->192K(1022976K)] 1056633K->34745K(3070976K), 0.0018694 secs] [Times: user=0.01 sys=0.00, real=0.00 secs] 
2021-03-16T18:17:26.330+1030: 2306.097: [GC (Allocation Failure) [PSYoungGen: 1022144K->192K(1022976K)] 1056699K->34787K(3070976K), 0.0019767 secs] [Times: user=0.01 sys=0.00, real=0.00 secs] 
2021-03-16T18:17:33.670+1030: 2313.436: [GC (Allocation Failure) [PSYoungGen: 1022144K->160K(1022976K)] 1056739K->34771K(3070976K), 0.0042755 secs] [Times: user=0.01 sys=0.00, real=0.00 secs] 
2021-03-16T18:17:41.127+1030: 2320.894: [GC (Allocation Failure) [PSYoungGen: 1022112K->192K(1022976K)] 1056723K->34827K(3070976K), 0.0020885 secs] [Times: user=0.00 sys=0.00, real=0.01 secs] 
2021-03-16T18:17:48.593+1030: 2328.359: [GC (Allocation Failure) [PSYoungGen: 1022144K->192K(1022976K)] 1056779K->34827K(3070976K), 0.0026430 secs] [Times: user=0.00 sys=0.00, real=0.00 secs] 
2021-03-16T18:17:55.872+1030: 2335.638: [GC (Allocation Failure) [PSYoungGen: 1022144K->160K(1022976K)] 1056779K->34811K(3070976K), 0.0029917 secs] [Times: user=0.00 sys=0.00, real=0.00 secs] 
2021-03-16T18:18:03.232+1030: 2342.998: [GC (Allocation Failure) [PSYoungGen: 1022112K->160K(1022976K)] 1056763K->34851K(3070976K), 0.0020470 secs] [Times: user=0.00 sys=0.00, real=0.00 secs] 
2021-03-16T18:18:10.407+1030: 2350.173: [GC (Allocation Failure) [PSYoungGen: 1022112K->160K(1022976K)] 1056803K->34859K(3070976K), 0.0019335 secs] [Times: user=0.00 sys=0.00, real=0.01 secs] 
2021-03-16T18:18:17.711+1030: 2357.477: [GC (Allocation Failure) [PSYoungGen: 1022112K->128K(1022976K)] 1056811K->34827K(3070976K), 0.0021406 secs] [Times: user=0.00 sys=0.00, real=0.00 secs] 
2021-03-16T18:18:25.244+1030: 2365.010: [GC (Allocation Failure) [PSYoungGen: 1022080K->160K(1022976K)] 1056779K->34883K(3070976K), 0.0021732 secs] [Times: user=0.00 sys=0.00, real=0.00 secs] 
2021-03-16T18:18:32.714+1030: 2372.481: [GC (Allocation Failure) [PSYoungGen: 1022112K->160K(1022976K)] 1056835K->34899K(3070976K), 0.0019548 secs] [Times: user=0.01 sys=0.00, real=0.00 secs] 
2021-03-16T18:18:40.173+1030: 2379.940: [GC (Allocation Failure) [PSYoungGen: 1022112K->192K(1022976K)] 1056851K->34939K(3070976K), 0.0019945 secs] [Times: user=0.00 sys=0.00, real=0.00 secs] 
2021-03-16T18:18:47.761+1030: 2387.527: [GC (Allocation Failure) [PSYoungGen: 1022144K->192K(1022976K)] 1056891K->34939K(3070976K), 0.0018228 secs] [Times: user=0.00 sys=0.00, real=0.00 secs] 
2021-03-16T18:18:54.867+1030: 2394.633: [GC (Allocation Failure) [PSYoungGen: 1022144K->192K(1022976K)] 1056891K->34939K(3070976K), 0.0021676 secs] [Times: user=0.01 sys=0.00, real=0.01 secs] 
2021-03-16T18:19:02.328+1030: 2402.095: [GC (Allocation Failure) [PSYoungGen: 1022144K->224K(1022976K)] 1056891K->34979K(3070976K), 0.0041929 secs] [Times: user=0.01 sys=0.00, real=0.00 secs] 
2021-03-16T18:19:09.856+1030: 2409.623: [GC (Allocation Failure) [PSYoungGen: 1022176K->256K(1022976K)] 1056931K->35035K(3070976K), 0.0026351 secs] [Times: user=0.00 sys=0.00, real=0.01 secs] 
2021-03-16T18:19:16.598+1030: 2416.364: [GC (Allocation Failure) [PSYoungGen: 1022208K->256K(1022976K)] 1056987K->35067K(3070976K), 0.0025182 secs] [Times: user=0.01 sys=0.00, real=0.00 secs] 
2021-03-16T18:19:23.243+1030: 2423.009: [GC (Allocation Failure) [PSYoungGen: 1022208K->256K(1022976K)] 1057019K->35075K(3070976K), 0.0021141 secs] [Times: user=0.00 sys=0.01, real=0.00 secs] 
2021-03-16T18:19:30.018+1030: 2429.784: [GC (Allocation Failure) [PSYoungGen: 1022208K->256K(1023488K)] 1057027K->35099K(3071488K), 0.0021840 secs] [Times: user=0.01 sys=0.00, real=0.00 secs] 
2021-03-16T18:19:35.231+1030: 2434.997: [GC (Allocation Failure) [PSYoungGen: 1023232K->256K(1023488K)] 1058075K->35107K(3071488K), 0.0019865 secs] [Times: user=0.00 sys=0.00, real=0.00 secs] 
2021-03-16T18:19:42.399+1030: 2442.165: [GC (Allocation Failure) [PSYoungGen: 1023232K->224K(1023488K)] 1058083K->35083K(3071488K), 0.0025334 secs] [Times: user=0.00 sys=0.00, real=0.00 secs] 
2021-03-16T18:19:48.607+1030: 2448.374: [GC (Allocation Failure) [PSYoungGen: 1023200K->224K(1023488K)] 1058059K->35083K(3071488K), 0.0019550 secs] [Times: user=0.01 sys=0.00, real=0.01 secs] 
2021-03-16T18:19:56.104+1030: 2455.871: [GC (Allocation Failure) [PSYoungGen: 1023200K->288K(1023488K)] 1058059K->35155K(3071488K), 0.0019910 secs] [Times: user=0.00 sys=0.00, real=0.00 secs] 
2021-03-16T18:20:03.643+1030: 2463.409: [GC (Allocation Failure) [PSYoungGen: 1023264K->288K(1023488K)] 1058131K->35171K(3071488K), 0.0025857 secs] [Times: user=0.00 sys=0.00, real=0.00 secs] 
2021-03-16T18:20:10.968+1030: 2470.734: [GC (Allocation Failure) [PSYoungGen: 1023264K->256K(1023488K)] 1058147K->35171K(3071488K), 0.0019191 secs] [Times: user=0.00 sys=0.00, real=0.00 secs] 
2021-03-16T18:20:18.268+1030: 2478.035: [GC (Allocation Failure) [PSYoungGen: 1023232K->256K(1023488K)] 1058147K->35187K(3071488K), 0.0018800 secs] [Times: user=0.00 sys=0.00, real=0.00 secs] 
2021-03-16T18:20:25.185+1030: 2484.952: [GC (Allocation Failure) [PSYoungGen: 1023232K->292K(1023488K)] 1058163K->35504K(3071488K), 0.0039706 secs] [Times: user=0.00 sys=0.00, real=0.01 secs] 
2021-03-16T18:20:32.592+1030: 2492.358: [GC (Allocation Failure) [PSYoungGen: 1023268K->292K(1023488K)] 1058480K->35512K(3071488K), 0.0019855 secs] [Times: user=0.00 sys=0.00, real=0.00 secs] 
2021-03-16T18:20:39.974+1030: 2499.741: [GC (Allocation Failure) [PSYoungGen: 1023268K->324K(1023488K)] 1058488K->35552K(3071488K), 0.0023443 secs] [Times: user=0.01 sys=0.00, real=0.00 secs] 
2021-03-16T18:20:47.343+1030: 2507.109: [GC (Allocation Failure) [PSYoungGen: 1023300K->324K(1023488K)] 1058528K->35600K(3071488K), 0.0021293 secs] [Times: user=0.00 sys=0.00, real=0.00 secs] 
2021-03-16T18:20:54.840+1030: 2514.606: [GC (Allocation Failure) [PSYoungGen: 1023300K->292K(1023488K)] 1058576K->35632K(3071488K), 0.0020965 secs] [Times: user=0.00 sys=0.00, real=0.00 secs] 
2021-03-16T18:21:02.367+1030: 2522.133: [GC (Allocation Failure) [PSYoungGen: 1023268K->292K(1023488K)] 1058608K->35656K(3071488K), 0.0020625 secs] [Times: user=0.00 sys=0.00, real=0.01 secs] 
2021-03-16T18:21:09.860+1030: 2529.626: [GC (Allocation Failure) [PSYoungGen: 1023268K->324K(1023488K)] 1058632K->35696K(3071488K), 0.0020109 secs] [Times: user=0.00 sys=0.00, real=0.00 secs] 
2021-03-16T18:21:17.266+1030: 2537.033: [GC (Allocation Failure) [PSYoungGen: 1023300K->356K(1023488K)] 1058672K->35728K(3071488K), 0.0021312 secs] [Times: user=0.01 sys=0.00, real=0.01 secs] 
2021-03-16T18:21:24.798+1030: 2544.565: [GC (Allocation Failure) [PSYoungGen: 1023332K->484K(1023488K)] 1058704K->35864K(3071488K), 0.0024662 secs] [Times: user=0.00 sys=0.00, real=0.00 secs] 
2021-03-16T18:21:32.466+1030: 2552.233: [GC (Allocation Failure) [PSYoungGen: 1023460K->484K(1023488K)] 1058840K->36120K(3071488K), 0.0030275 secs] [Times: user=0.01 sys=0.00, real=0.01 secs] 
2021-03-16T18:21:39.974+1030: 2559.740: [GC (Allocation Failure) [PSYoungGen: 1023460K->484K(1022464K)] 1059096K->36208K(3070464K), 0.0019931 secs] [Times: user=0.01 sys=0.00, real=0.00 secs] 
2021-03-16T18:21:47.622+1030: 2567.388: [GC (Allocation Failure) [PSYoungGen: 1022436K->355K(1022976K)] 1058160K->36087K(3070976K), 0.0042068 secs] [Times: user=0.01 sys=0.00, real=0.00 secs] 
2021-03-16T18:21:54.962+1030: 2574.729: [GC (Allocation Failure) [PSYoungGen: 1022307K->355K(1022976K)] 1058039K->36087K(3070976K), 0.0020056 secs] [Times: user=0.00 sys=0.00, real=0.00 secs] 
2021-03-16T18:22:02.214+1030: 2581.980: [GC (Allocation Failure) [PSYoungGen: 1022307K->387K(1022976K)] 1058039K->36119K(3070976K), 0.0025270 secs] [Times: user=0.00 sys=0.00, real=0.00 secs] 
2021-03-16T18:22:09.710+1030: 2589.477: [GC (Allocation Failure) [PSYoungGen: 1022339K->451K(1022976K)] 1058071K->36183K(3070976K), 0.0019717 secs] [Times: user=0.00 sys=0.00, real=0.00 secs] 
2021-03-16T18:22:17.301+1030: 2597.068: [GC (Allocation Failure) [PSYoungGen: 1022403K->547K(1022976K)] 1058135K->36295K(3070976K), 0.0022406 secs] [Times: user=0.00 sys=0.00, real=0.00 secs] 
2021-03-16T18:22:24.573+1030: 2604.339: [GC (Allocation Failure) [PSYoungGen: 1022499K->547K(1022976K)] 1058247K->36295K(3070976K), 0.0021680 secs] [Times: user=0.00 sys=0.00, real=0.00 secs] 
2021-03-16T18:22:31.849+1030: 2611.616: [GC (Allocation Failure) [PSYoungGen: 1022499K->515K(1022976K)] 1058247K->36263K(3070976K), 0.0020773 secs] [Times: user=0.01 sys=0.00, real=0.00 secs] 
2021-03-16T18:22:39.361+1030: 2619.128: [GC (Allocation Failure) [PSYoungGen: 1022467K->579K(1022976K)] 1058215K->36327K(3070976K), 0.0025789 secs] [Times: user=0.00 sys=0.00, real=0.00 secs] 
2021-03-16T18:22:46.902+1030: 2626.669: [GC (Allocation Failure) [PSYoungGen: 1022531K->579K(1022976K)] 1058279K->36327K(3070976K), 0.0020937 secs] [Times: user=0.01 sys=0.00, real=0.00 secs] 
2021-03-16T18:22:53.937+1030: 2633.703: [GC (Allocation Failure) [PSYoungGen: 1022531K->611K(1022976K)] 1058279K->36359K(3070976K), 0.0033005 secs] [Times: user=0.00 sys=0.00, real=0.01 secs] 
2021-03-16T18:23:00.969+1030: 2640.736: [GC (Allocation Failure) [PSYoungGen: 1022563K->643K(1022976K)] 1058311K->36391K(3070976K), 0.0020636 secs] [Times: user=0.01 sys=0.00, real=0.00 secs] 
2021-03-16T18:23:07.614+1030: 2647.381: [GC (Allocation Failure) [PSYoungGen: 1022595K->643K(1022976K)] 1058343K->36391K(3070976K), 0.0020781 secs] [Times: user=0.00 sys=0.00, real=0.00 secs] 
2021-03-16T18:23:14.304+1030: 2654.070: [GC (Allocation Failure) [PSYoungGen: 1022595K->611K(1022976K)] 1058343K->36359K(3070976K), 0.0045226 secs] [Times: user=0.01 sys=0.00, real=0.01 secs] 
2021-03-16T18:23:21.189+1030: 2660.956: [GC (Allocation Failure) [PSYoungGen: 1022563K->611K(1022976K)] 1058311K->36359K(3070976K), 0.0019901 secs] [Times: user=0.01 sys=0.00, real=0.00 secs] 
2021-03-16T18:23:27.771+1030: 2667.537: [GC (Allocation Failure) [PSYoungGen: 1022563K->643K(1022976K)] 1058311K->36399K(3070976K), 0.0024484 secs] [Times: user=0.00 sys=0.00, real=0.00 secs] 
2021-03-16T18:23:34.718+1030: 2674.485: [GC (Allocation Failure) [PSYoungGen: 1022595K->320K(1022976K)] 1058351K->36399K(3070976K), 0.0027310 secs] [Times: user=0.00 sys=0.00, real=0.00 secs] 
2021-03-16T18:23:42.013+1030: 2681.779: [GC (Allocation Failure) [PSYoungGen: 1022272K->320K(1022976K)] 1058351K->36399K(3070976K), 0.0019761 secs] [Times: user=0.00 sys=0.00, real=0.00 secs] 
2021-03-16T18:23:49.195+1030: 2688.961: [GC (Allocation Failure) [PSYoungGen: 1022272K->288K(1022976K)] 1058351K->36391K(3070976K), 0.0019152 secs] [Times: user=0.01 sys=0.00, real=0.00 secs] 
2021-03-16T18:23:56.499+1030: 2696.265: [GC (Allocation Failure) [PSYoungGen: 1022240K->224K(1022976K)] 1058343K->36415K(3070976K), 0.0026273 secs] [Times: user=0.01 sys=0.00, real=0.00 secs] 
2021-03-16T18:24:03.739+1030: 2703.505: [GC (Allocation Failure) [PSYoungGen: 1022176K->160K(1022976K)] 1058367K->36431K(3070976K), 0.0023792 secs] [Times: user=0.00 sys=0.00, real=0.00 secs] 
2021-03-16T18:24:11.029+1030: 2710.795: [GC (Allocation Failure) [PSYoungGen: 1022112K->128K(1022976K)] 1058383K->36415K(3070976K), 0.0023201 secs] [Times: user=0.01 sys=0.00, real=0.00 secs] 
2021-03-16T18:24:18.355+1030: 2718.121: [GC (Allocation Failure) [PSYoungGen: 1022080K->96K(1022976K)] 1058367K->36399K(3070976K), 0.0028731 secs] [Times: user=0.00 sys=0.00, real=0.01 secs] 
2021-03-16T18:24:25.646+1030: 2725.412: [GC (Allocation Failure) [PSYoungGen: 1022048K->128K(1022976K)] 1058351K->36463K(3070976K), 0.0018881 secs] [Times: user=0.00 sys=0.00, real=0.01 secs] 
2021-03-16T18:24:33.151+1030: 2732.918: [GC (Allocation Failure) [PSYoungGen: 1022080K->96K(1022976K)] 1058415K->36463K(3070976K), 0.0019266 secs] [Times: user=0.01 sys=0.00, real=0.00 secs] 
2021-03-16T18:24:40.547+1030: 2740.313: [GC (Allocation Failure) [PSYoungGen: 1022048K->96K(1022976K)] 1058415K->36479K(3070976K), 0.0040471 secs] [Times: user=0.01 sys=0.00, real=0.01 secs] 
2021-03-16T18:24:48.043+1030: 2747.810: [GC (Allocation Failure) [PSYoungGen: 1022048K->96K(1022976K)] 1058431K->36479K(3070976K), 0.0997028 secs] [Times: user=0.01 sys=0.00, real=0.10 secs] 
2021-03-16T18:24:55.475+1030: 2755.241: [GC (Allocation Failure) [PSYoungGen: 1022048K->96K(1022976K)] 1058431K->36487K(3070976K), 0.0027374 secs] [Times: user=0.00 sys=0.00, real=0.01 secs] 
2021-03-16T18:25:02.511+1030: 2762.277: [GC (Allocation Failure) [PSYoungGen: 1022048K->96K(1022976K)] 1058439K->36495K(3070976K), 0.0021136 secs] [Times: user=0.01 sys=0.00, real=0.00 secs] 
2021-03-16T18:25:09.751+1030: 2769.517: [GC (Allocation Failure) [PSYoungGen: 1022048K->128K(1022976K)] 1058447K->36527K(3070976K), 0.0019652 secs] [Times: user=0.00 sys=0.00, real=0.00 secs] 
2021-03-16T18:25:16.930+1030: 2776.697: [GC (Allocation Failure) [PSYoungGen: 1022080K->160K(1022976K)] 1058479K->36567K(3070976K), 0.0017119 secs] [Times: user=0.00 sys=0.00, real=0.00 secs] 
2021-03-16T18:25:24.413+1030: 2784.180: [GC (Allocation Failure) [PSYoungGen: 1022112K->256K(1022976K)] 1058519K->36663K(3070976K), 0.0020129 secs] [Times: user=0.00 sys=0.00, real=0.00 secs] 
2021-03-16T18:25:31.927+1030: 2791.693: [GC (Allocation Failure) [PSYoungGen: 1022208K->256K(1022976K)] 1058615K->36663K(3070976K), 0.0032343 secs] [Times: user=0.01 sys=0.00, real=0.01 secs] 
2021-03-16T18:25:39.345+1030: 2799.111: [GC (Allocation Failure) [PSYoungGen: 1022208K->320K(1022976K)] 1058615K->36727K(3070976K), 0.0030321 secs] [Times: user=0.01 sys=0.00, real=0.01 secs] 
2021-03-16T18:25:46.802+1030: 2806.569: [GC (Allocation Failure) [PSYoungGen: 1022272K->384K(1022976K)] 1058679K->36791K(3070976K), 0.0019762 secs] [Times: user=0.00 sys=0.00, real=0.00 secs] 
2021-03-16T18:25:54.218+1030: 2813.985: [GC (Allocation Failure) [PSYoungGen: 1022336K->672K(1022976K)] 1058743K->37088K(3070976K), 0.0019949 secs] [Times: user=0.00 sys=0.00, real=0.00 secs] 
2021-03-16T18:26:01.801+1030: 2821.567: [GC (Allocation Failure) [PSYoungGen: 1022624K->704K(1022976K)] 1059040K->37128K(3070976K), 0.0044073 secs] [Times: user=0.00 sys=0.00, real=0.00 secs] 
2021-03-16T18:26:09.015+1030: 2828.781: [GC (Allocation Failure) [PSYoungGen: 1022656K->736K(1022976K)] 1059080K->37160K(3070976K), 0.0020215 secs] [Times: user=0.01 sys=0.00, real=0.00 secs] 
2021-03-16T18:26:16.247+1030: 2836.014: [GC (Allocation Failure) [PSYoungGen: 1022688K->704K(1022976K)] 1059112K->37160K(3070976K), 0.0026115 secs] [Times: user=0.01 sys=0.00, real=0.01 secs] 
2021-03-16T18:26:23.607+1030: 2843.374: [GC (Allocation Failure) [PSYoungGen: 1022656K->704K(1022976K)] 1059112K->37168K(3070976K), 0.0023678 secs] [Times: user=0.00 sys=0.00, real=0.00 secs] 
2021-03-16T18:26:31.048+1030: 2850.815: [GC (Allocation Failure) [PSYoungGen: 1022656K->736K(1021952K)] 1059120K->37200K(3069952K), 0.0020216 secs] [Times: user=0.00 sys=0.00, real=0.00 secs] 
2021-03-16T18:26:38.194+1030: 2857.960: [GC (Allocation Failure) [PSYoungGen: 1021664K->736K(1022464K)] 1058128K->37208K(3070464K), 0.0020561 secs] [Times: user=0.01 sys=0.00, real=0.00 secs] 
2021-03-16T18:26:45.623+1030: 2865.389: [GC (Allocation Failure) [PSYoungGen: 1021664K->736K(1022464K)] 1058136K->37224K(3070464K), 0.0019827 secs] [Times: user=0.00 sys=0.00, real=0.00 secs] 
2021-03-16T18:26:53.137+1030: 2872.904: [GC (Allocation Failure) [PSYoungGen: 1021664K->800K(1022464K)] 1058152K->37296K(3070464K), 0.0021250 secs] [Times: user=0.00 sys=0.00, real=0.00 secs] 
2021-03-16T18:27:00.704+1030: 2880.471: [GC (Allocation Failure) [PSYoungGen: 1021728K->800K(1022464K)] 1058224K->37336K(3070464K), 0.0020498 secs] [Times: user=0.00 sys=0.00, real=0.00 secs] 
2021-03-16T18:27:07.992+1030: 2887.758: [GC (Allocation Failure) [PSYoungGen: 1021728K->832K(1022464K)] 1058264K->37400K(3070464K), 0.0018373 secs] [Times: user=0.00 sys=0.00, real=0.00 secs] 
2021-03-16T18:27:15.275+1030: 2895.041: [GC (Allocation Failure) [PSYoungGen: 1021760K->736K(1022464K)] 1058328K->37384K(3070464K), 0.0020787 secs] [Times: user=0.00 sys=0.00, real=0.00 secs] 
2021-03-16T18:27:22.752+1030: 2902.518: [GC (Allocation Failure) [PSYoungGen: 1021664K->736K(1022464K)] 1058312K->37448K(3070464K), 0.0020183 secs] [Times: user=0.00 sys=0.00, real=0.00 secs] 
2021-03-16T18:27:30.318+1030: 2910.085: [GC (Allocation Failure) [PSYoungGen: 1021664K->736K(1022464K)] 1058376K->37488K(3070464K), 0.0050111 secs] [Times: user=0.01 sys=0.00, real=0.00 secs] 
2021-03-16T18:27:38.109+1030: 2917.875: [GC (Allocation Failure) [PSYoungGen: 1021664K->704K(1022464K)] 1058416K->37496K(3070464K), 0.0026269 secs] [Times: user=0.01 sys=0.00, real=0.00 secs] 
2021-03-16T18:27:45.613+1030: 2925.379: [GC (Allocation Failure) [PSYoungGen: 1021632K->384K(1022464K)] 1058424K->37496K(3070464K), 0.0022250 secs] [Times: user=0.00 sys=0.00, real=0.00 secs] 
2021-03-16T18:27:52.994+1030: 2932.760: [GC (Allocation Failure) [PSYoungGen: 1021312K->352K(1022464K)] 1058424K->37512K(3070464K), 0.0028639 secs] [Times: user=0.00 sys=0.00, real=0.00 secs] 
2021-03-16T18:28:00.251+1030: 2940.017: [GC (Allocation Failure) [PSYoungGen: 1021280K->320K(1022464K)] 1058440K->37496K(3070464K), 0.0031964 secs] [Times: user=0.00 sys=0.00, real=0.00 secs] 
2021-03-16T18:28:07.095+1030: 2946.861: [GC (Allocation Failure) [PSYoungGen: 1021248K->320K(1022464K)] 1058424K->37512K(3070464K), 0.0022567 secs] [Times: user=0.00 sys=0.00, real=0.00 secs] 
2021-03-16T18:28:14.558+1030: 2954.325: [GC (Allocation Failure) [PSYoungGen: 1021248K->320K(1022464K)] 1058440K->37520K(3070464K), 0.0020648 secs] [Times: user=0.00 sys=0.00, real=0.00 secs] 
2021-03-16T18:28:22.064+1030: 2961.831: [GC (Allocation Failure) [PSYoungGen: 1021248K->320K(1022464K)] 1058448K->37544K(3070464K), 0.0021424 secs] [Times: user=0.01 sys=0.00, real=0.00 secs] 
2021-03-16T18:28:29.611+1030: 2969.377: [GC (Allocation Failure) [PSYoungGen: 1021248K->352K(1022464K)] 1058472K->37592K(3070464K), 0.0021675 secs] [Times: user=0.00 sys=0.00, real=0.00 secs] 
2021-03-16T18:28:37.024+1030: 2976.790: [GC (Allocation Failure) [PSYoungGen: 1021280K->352K(1022464K)] 1058520K->37616K(3070464K), 0.0021772 secs] [Times: user=0.01 sys=0.00, real=0.00 secs] 
2021-03-16T18:28:44.505+1030: 2984.272: [GC (Allocation Failure) [PSYoungGen: 1021280K->288K(1022976K)] 1058544K->37616K(3070976K), 0.0021430 secs] [Times: user=0.00 sys=0.00, real=0.00 secs] 
2021-03-16T18:28:51.978+1030: 2991.744: [GC (Allocation Failure) [PSYoungGen: 1022240K->288K(1022976K)] 1059568K->37664K(3070976K), 0.0042746 secs] [Times: user=0.00 sys=0.00, real=0.00 secs] 
2021-03-16T18:28:59.285+1030: 2999.052: [GC (Allocation Failure) [PSYoungGen: 1022240K->256K(1022976K)] 1059616K->37672K(3070976K), 0.0019504 secs] [Times: user=0.00 sys=0.00, real=0.00 secs] 
2021-03-16T18:29:06.638+1030: 3006.404: [GC (Allocation Failure) [PSYoungGen: 1022208K->320K(1022976K)] 1059624K->37744K(3070976K), 0.0025972 secs] [Times: user=0.00 sys=0.00, real=0.00 secs] 
2021-03-16T18:29:14.256+1030: 3014.023: [GC (Allocation Failure) [PSYoungGen: 1022272K->580K(1022976K)] 1059696K->38052K(3070976K), 0.0022303 secs] [Times: user=0.01 sys=0.00, real=0.01 secs] 
2021-03-16T18:29:21.785+1030: 3021.552: [GC (Allocation Failure) [PSYoungGen: 1022532K->612K(1022976K)] 1060004K->38124K(3070976K), 0.0020813 secs] [Times: user=0.00 sys=0.00, real=0.01 secs] 
2021-03-16T18:29:29.052+1030: 3028.818: [GC (Allocation Failure) [PSYoungGen: 1022564K->612K(1022976K)] 1060076K->38124K(3070976K), 0.0031515 secs] [Times: user=0.00 sys=0.00, real=0.00 secs] 
2021-03-16T18:29:36.055+1030: 3035.822: [GC (Allocation Failure) [PSYoungGen: 1022564K->708K(1022976K)] 1060076K->38220K(3070976K), 0.0018341 secs] [Times: user=0.00 sys=0.00, real=0.00 secs] 
2021-03-16T18:29:43.564+1030: 3043.331: [GC (Allocation Failure) [PSYoungGen: 1022660K->740K(1021952K)] 1060172K->38260K(3069952K), 0.0021511 secs] [Times: user=0.00 sys=0.00, real=0.00 secs] 
2021-03-16T18:29:51.043+1030: 3050.809: [GC (Allocation Failure) [PSYoungGen: 1021668K->772K(1022464K)] 1059188K->38292K(3070464K), 0.0021834 secs] [Times: user=0.00 sys=0.00, real=0.00 secs] 
2021-03-16T18:29:58.122+1030: 3057.888: [GC (Allocation Failure) [PSYoungGen: 1021700K->772K(1022464K)] 1059220K->38292K(3070464K), 0.0020993 secs] [Times: user=0.00 sys=0.00, real=0.00 secs] 
2021-03-16T18:30:05.566+1030: 3065.332: [GC (Allocation Failure) [PSYoungGen: 1021700K->772K(1022464K)] 1059220K->38292K(3070464K), 0.0042623 secs] [Times: user=0.01 sys=0.00, real=0.01 secs] 
2021-03-16T18:30:12.843+1030: 3072.609: [GC (Allocation Failure) [PSYoungGen: 1021700K->772K(1022464K)] 1059220K->38308K(3070464K), 0.0042911 secs] [Times: user=0.01 sys=0.00, real=0.00 secs] 
2021-03-16T18:30:19.919+1030: 3079.686: [GC (Allocation Failure) [PSYoungGen: 1021700K->708K(1022464K)] 1059236K->38292K(3070464K), 0.0035586 secs] [Times: user=0.01 sys=0.00, real=0.00 secs] 
2021-03-16T18:30:27.042+1030: 3086.809: [GC (Allocation Failure) [PSYoungGen: 1021636K->708K(1022464K)] 1059220K->38324K(3070464K), 0.0027619 secs] [Times: user=0.00 sys=0.00, real=0.00 secs] 
2021-03-16T18:30:34.503+1030: 3094.270: [GC (Allocation Failure) [PSYoungGen: 1021636K->708K(1022464K)] 1059252K->38332K(3070464K), 0.0021514 secs] [Times: user=0.01 sys=0.00, real=0.00 secs] 
2021-03-16T18:30:42.092+1030: 3101.858: [GC (Allocation Failure) [PSYoungGen: 1021636K->740K(1022464K)] 1059260K->38396K(3070464K), 0.0022050 secs] [Times: user=0.00 sys=0.00, real=0.00 secs] 
2021-03-16T18:30:49.353+1030: 3109.119: [GC (Allocation Failure) [PSYoungGen: 1021668K->740K(1022464K)] 1059324K->38420K(3070464K), 0.0022313 secs] [Times: user=0.00 sys=0.00, real=0.00 secs] 
2021-03-16T18:30:56.114+1030: 3115.881: [GC (Allocation Failure) [PSYoungGen: 1021668K->708K(1022464K)] 1059348K->38436K(3070464K), 0.0021470 secs] [Times: user=0.00 sys=0.00, real=0.00 secs] 
2021-03-16T18:31:03.386+1030: 3123.152: [GC (Allocation Failure) [PSYoungGen: 1021636K->352K(1022464K)] 1059364K->38420K(3070464K), 0.0020324 secs] [Times: user=0.00 sys=0.01, real=0.01 secs] 
2021-03-16T18:31:10.597+1030: 3130.363: [GC (Allocation Failure) [PSYoungGen: 1021280K->352K(1022464K)] 1059348K->38492K(3070464K), 0.0019587 secs] [Times: user=0.00 sys=0.00, real=0.01 secs] 
2021-03-16T18:31:18.079+1030: 3137.846: [GC (Allocation Failure) [PSYoungGen: 1021280K->384K(1022464K)] 1059420K->38540K(3070464K), 0.0019806 secs] [Times: user=0.01 sys=0.00, real=0.00 secs] 
2021-03-16T18:31:25.483+1030: 3145.249: [GC (Allocation Failure) [PSYoungGen: 1021312K->352K(1022464K)] 1059468K->38580K(3070464K), 0.0020709 secs] [Times: user=0.01 sys=0.00, real=0.00 secs] 
2021-03-16T18:31:33.009+1030: 3152.775: [GC (Allocation Failure) [PSYoungGen: 1021280K->352K(1022464K)] 1059508K->38620K(3070464K), 0.0021272 secs] [Times: user=0.01 sys=0.00, real=0.00 secs] 
2021-03-16T18:31:40.313+1030: 3160.080: [GC (Allocation Failure) [PSYoungGen: 1021280K->320K(1022464K)] 1059548K->38612K(3070464K), 0.0041995 secs] [Times: user=0.01 sys=0.00, real=0.01 secs] 
2021-03-16T18:31:47.565+1030: 3167.332: [GC (Allocation Failure) [PSYoungGen: 1021248K->320K(1022464K)] 1059540K->38620K(3070464K), 0.0018791 secs] [Times: user=0.01 sys=0.00, real=0.00 secs] 
2021-03-16T18:31:54.887+1030: 3174.653: [GC (Allocation Failure) [PSYoungGen: 1021248K->384K(1022976K)] 1059548K->38716K(3070976K), 0.0027315 secs] [Times: user=0.00 sys=0.00, real=0.01 secs] 
2021-03-16T18:32:02.394+1030: 3182.160: [GC (Allocation Failure) [PSYoungGen: 1022336K->384K(1022976K)] 1060668K->38716K(3070976K), 0.0036972 secs] [Times: user=0.01 sys=0.00, real=0.00 secs] 
2021-03-16T18:32:09.954+1030: 3189.720: [GC (Allocation Failure) [PSYoungGen: 1022336K->735K(1022976K)] 1060668K->39067K(3070976K), 0.0021962 secs] [Times: user=0.00 sys=0.00, real=0.00 secs] 
2021-03-16T18:32:17.368+1030: 3197.135: [GC (Allocation Failure) [PSYoungGen: 1022687K->736K(1022976K)] 1061019K->39068K(3070976K), 0.0020826 secs] [Times: user=0.00 sys=0.00, real=0.00 secs] 
2021-03-16T18:32:24.605+1030: 3204.371: [GC (Allocation Failure) [PSYoungGen: 1022688K->735K(1021952K)] 1061020K->39091K(3069952K), 0.0020797 secs] [Times: user=0.00 sys=0.00, real=0.00 secs] 
2021-03-16T18:32:32.266+1030: 3212.033: [GC (Allocation Failure) [PSYoungGen: 1021663K->767K(1022464K)] 1060019K->39171K(3070464K), 0.0021044 secs] [Times: user=0.00 sys=0.00, real=0.01 secs] 
2021-03-16T18:32:39.507+1030: 3219.273: [GC (Allocation Failure) [PSYoungGen: 1021695K->799K(1022464K)] 1060099K->39227K(3070464K), 0.0019380 secs] [Times: user=0.00 sys=0.00, real=0.01 secs] 
2021-03-16T18:32:46.437+1030: 3226.203: [GC (Allocation Failure) [PSYoungGen: 1021727K->831K(1022464K)] 1060155K->39275K(3070464K), 0.0020820 secs] [Times: user=0.01 sys=0.00, real=0.01 secs] 
2021-03-16T18:32:53.663+1030: 3233.429: [GC (Allocation Failure) [PSYoungGen: 1021759K->831K(1022464K)] 1060203K->39275K(3070464K), 0.0020550 secs] [Times: user=0.00 sys=0.00, real=0.00 secs] 
2021-03-16T18:33:01.118+1030: 3240.885: [GC (Allocation Failure) [PSYoungGen: 1021759K->767K(1022464K)] 1060203K->39267K(3070464K), 0.0049455 secs] [Times: user=0.00 sys=0.00, real=0.00 secs] 
2021-03-16T18:33:08.485+1030: 3248.251: [GC (Allocation Failure) [PSYoungGen: 1021695K->767K(1022464K)] 1060195K->39323K(3070464K), 0.0020726 secs] [Times: user=0.00 sys=0.00, real=0.00 secs] 
2021-03-16T18:33:15.961+1030: 3255.728: [GC (Allocation Failure) [PSYoungGen: 1021695K->767K(1022464K)] 1060251K->39347K(3070464K), 0.0027687 secs] [Times: user=0.00 sys=0.00, real=0.00 secs] 
2021-03-16T18:33:23.520+1030: 3263.286: [GC (Allocation Failure) [PSYoungGen: 1021695K->767K(1022464K)] 1060275K->39395K(3070464K), 0.0020778 secs] [Times: user=0.00 sys=0.00, real=0.00 secs] 
2021-03-16T18:33:31.017+1030: 3270.783: [GC (Allocation Failure) [PSYoungGen: 1021695K->863K(1022464K)] 1060323K->39491K(3070464K), 0.0022951 secs] [Times: user=0.00 sys=0.00, real=0.01 secs] 
2021-03-16T18:33:38.454+1030: 3278.220: [GC (Allocation Failure) [PSYoungGen: 1021791K->863K(1022464K)] 1060419K->39507K(3070464K), 0.0019207 secs] [Times: user=0.00 sys=0.00, real=0.00 secs] 
2021-03-16T18:33:45.641+1030: 3285.408: [GC (Allocation Failure) [PSYoungGen: 1021791K->831K(1022464K)] 1060435K->39547K(3070464K), 0.0021445 secs] [Times: user=0.00 sys=0.00, real=0.00 secs] 
2021-03-16T18:33:52.996+1030: 3292.763: [GC (Allocation Failure) [PSYoungGen: 1021759K->799K(1022464K)] 1060475K->39563K(3070464K), 0.0020233 secs] [Times: user=0.01 sys=0.00, real=0.01 secs] 
2021-03-16T18:34:00.489+1030: 3300.256: [GC (Allocation Failure) [PSYoungGen: 1021727K->480K(1022464K)] 1060491K->39571K(3070464K), 0.0024626 secs] [Times: user=0.01 sys=0.00, real=0.00 secs] 
2021-03-16T18:34:08.067+1030: 3307.833: [GC (Allocation Failure) [PSYoungGen: 1021408K->799K(1022464K)] 1060499K->39907K(3070464K), 0.0019632 secs] [Times: user=0.00 sys=0.00, real=0.01 secs] 
2021-03-16T18:34:15.132+1030: 3314.898: [GC (Allocation Failure) [PSYoungGen: 1021727K->799K(1022464K)] 1060835K->39931K(3070464K), 0.0021601 secs] [Times: user=0.00 sys=0.00, real=0.00 secs] 
2021-03-16T18:34:22.660+1030: 3322.426: [GC (Allocation Failure) [PSYoungGen: 1021727K->767K(1022464K)] 1060859K->39971K(3070464K), 0.0038851 secs] [Times: user=0.00 sys=0.00, real=0.00 secs] 
2021-03-16T18:34:30.178+1030: 3329.944: [GC (Allocation Failure) [PSYoungGen: 1021695K->831K(1022464K)] 1060899K->40091K(3070464K), 0.0044387 secs] [Times: user=0.00 sys=0.00, real=0.00 secs] 
2021-03-16T18:34:37.211+1030: 3336.978: [GC (Allocation Failure) [PSYoungGen: 1021759K->831K(1022464K)] 1061019K->40123K(3070464K), 0.0020454 secs] [Times: user=0.00 sys=0.00, real=0.00 secs] 
2021-03-16T18:34:44.018+1030: 3343.785: [GC (Allocation Failure) [PSYoungGen: 1021759K->831K(1022464K)] 1061051K->40131K(3070464K), 0.0028077 secs] [Times: user=0.00 sys=0.01, real=0.00 secs] 
2021-03-16T18:34:51.388+1030: 3351.155: [GC (Allocation Failure) [PSYoungGen: 1021759K->799K(1022464K)] 1061059K->40123K(3070464K), 0.0038378 secs] [Times: user=0.00 sys=0.00, real=0.00 secs] 
2021-03-16T18:34:58.817+1030: 3358.583: [GC (Allocation Failure) [PSYoungGen: 1021727K->831K(1022464K)] 1061051K->40179K(3070464K), 0.0037164 secs] [Times: user=0.00 sys=0.00, real=0.01 secs] 
2021-03-16T18:35:06.195+1030: 3365.961: [GC (Allocation Failure) [PSYoungGen: 1021759K->831K(1022464K)] 1061107K->40211K(3070464K), 0.0020965 secs] [Times: user=0.00 sys=0.00, real=0.00 secs] 
2021-03-16T18:35:13.637+1030: 3373.403: [GC (Allocation Failure) [PSYoungGen: 1021759K->831K(1022464K)] 1061139K->40243K(3070464K), 0.0055298 secs] [Times: user=0.01 sys=0.00, real=0.01 secs] 
2021-03-16T18:35:21.151+1030: 3380.918: [GC (Allocation Failure) [PSYoungGen: 1021759K->767K(1022464K)] 1061171K->40275K(3070464K), 0.0020433 secs] [Times: user=0.00 sys=0.00, real=0.00 secs] 
2021-03-16T18:35:28.538+1030: 3388.304: [GC (Allocation Failure) [PSYoungGen: 1021695K->767K(1022464K)] 1061203K->40315K(3070464K), 0.0020106 secs] [Times: user=0.00 sys=0.00, real=0.00 secs] 
2021-03-16T18:35:35.936+1030: 3395.702: [GC (Allocation Failure) [PSYoungGen: 1021695K->831K(1022976K)] 1061243K->40395K(3070976K), 0.0022459 secs] [Times: user=0.00 sys=0.01, real=0.01 secs] 
2021-03-16T18:35:43.208+1030: 3402.975: [GC (Allocation Failure) [PSYoungGen: 1022783K->831K(1022976K)] 1062347K->40403K(3070976K), 0.0021064 secs] [Times: user=0.01 sys=0.00, real=0.00 secs] 
2021-03-16T18:35:50.536+1030: 3410.302: [GC (Allocation Failure) [PSYoungGen: 1022783K->831K(1022976K)] 1062355K->40443K(3070976K), 0.0044530 secs] [Times: user=0.00 sys=0.00, real=0.01 secs] 
2021-03-16T18:35:58.168+1030: 3417.935: [GC (Allocation Failure) [PSYoungGen: 1022783K->320K(1022464K)] 1062395K->39963K(3070464K), 0.0020483 secs] [Times: user=0.01 sys=0.00, real=0.00 secs] 
2021-03-16T18:36:05.955+1030: 3425.721: [GC (Allocation Failure) [PSYoungGen: 1022272K->320K(1022464K)] 1061915K->39963K(3070464K), 0.0026119 secs] [Times: user=0.00 sys=0.00, real=0.01 secs] 
2021-03-16T18:36:13.759+1030: 3433.526: [GC (Allocation Failure) [PSYoungGen: 1021248K->320K(1022464K)] 1060891K->39963K(3070464K), 0.0019404 secs] [Times: user=0.00 sys=0.00, real=0.00 secs] 
2021-03-16T18:36:21.566+1030: 3441.332: [GC (Allocation Failure) [PSYoungGen: 1021248K->288K(1022464K)] 1060891K->39931K(3070464K), 0.0021896 secs] [Times: user=0.00 sys=0.00, real=0.01 secs] 
2021-03-16T18:36:29.081+1030: 3448.847: [GC (Allocation Failure) [PSYoungGen: 1021216K->320K(1022464K)] 1060859K->39963K(3070464K), 0.0019959 secs] [Times: user=0.00 sys=0.00, real=0.00 secs] 
2021-03-16T18:36:36.810+1030: 3456.577: [GC (Allocation Failure) [PSYoungGen: 1021248K->320K(1022464K)] 1060891K->39963K(3070464K), 0.0019462 secs] [Times: user=0.00 sys=0.00, real=0.00 secs] 
2021-03-16T18:36:44.491+1030: 3464.257: [GC (Allocation Failure) [PSYoungGen: 1021248K->320K(1022464K)] 1060891K->39963K(3070464K), 0.0019617 secs] [Times: user=0.00 sys=0.00, real=0.00 secs] 
2021-03-16T18:36:51.532+1030: 3471.299: [GC (Allocation Failure) [PSYoungGen: 1021248K->320K(1022464K)] 1060891K->39963K(3070464K), 0.0019408 secs] [Times: user=0.00 sys=0.00, real=0.00 secs] 
2021-03-16T18:36:57.956+1030: 3477.722: [GC (Allocation Failure) [PSYoungGen: 1021248K->320K(1022464K)] 1060891K->39971K(3070464K), 0.0021910 secs] [Times: user=0.00 sys=0.00, real=0.01 secs] 
Heap
 PSYoungGen      total 1022464K, used 625006K [0x0000000781800000, 0x00000007c0000000, 0x00000007c0000000)
  eden space 1020928K, 61% used [0x0000000781800000,0x00000007a7a0b7e0,0x00000007bfd00000)
  from space 1536K, 20% used [0x00000007bfd00000,0x00000007bfd50020,0x00000007bfe80000)
  to   space 1536K, 0% used [0x00000007bfe80000,0x00000007bfe80000,0x00000007c0000000)
 ParOldGen       total 2048000K, used 39651K [0x0000000704800000, 0x0000000781800000, 0x0000000781800000)
  object space 2048000K, 1% used [0x0000000704800000,0x0000000706eb8df0,0x0000000781800000)
 Metaspace       used 42089K, capacity 42627K, committed 42792K, reserved 1085440K
  class space    used 5704K, capacity 5846K, committed 5928K, reserved 1048576K
ser=0.00 sys=0.00, real=0.00 secs] 
2021-03-16T18:28:39.201+1030: 2979.625: [GC (Allocation Failure) [PSYoungGen: 1021440K->480K(1022464K)] 1061313K->40401K(3070464K), 0.0026467 secs] [Times: user=0.00 sys=0.01, real=0.00 secs] 
2021-03-16T18:28:45.489+1030: 2985.914: [GC (Allocation Failure) [PSYoungGen: 1021408K->703K(1022464K)] 1061329K->40681K(3070464K), 0.0019597 secs] [Times: user=0.00 sys=0.00, real=0.00 secs] 
2021-03-16T18:28:51.777+1030: 2992.201: [GC (Allocation Failure) [PSYoungGen: 1021631K->735K(1022464K)] 1061609K->40753K(3070464K), 0.0034528 secs] [Times: user=0.00 sys=0.00, real=0.00 secs] 
2021-03-16T18:28:58.026+1030: 2998.450: [GC (Allocation Failure) [PSYoungGen: 1021663K->703K(1022464K)] 1061681K->40753K(3070464K), 0.0048834 secs] [Times: user=0.01 sys=0.00, real=0.00 secs] 
2021-03-16T18:29:04.360+1030: 3004.784: [GC (Allocation Failure) [PSYoungGen: 1021631K->799K(1021952K)] 1061681K->40857K(3069952K), 0.0053575 secs] [Times: user=0.00 sys=0.00, real=0.01 secs] 
2021-03-16T18:29:10.515+1030: 3010.939: [GC (Allocation Failure) [PSYoungGen: 1021727K->799K(1022464K)] 1061785K->40881K(3070464K), 0.0032188 secs] [Times: user=0.00 sys=0.00, real=0.00 secs] 
2021-03-16T18:29:16.321+1030: 3016.745: [GC (Allocation Failure) [PSYoungGen: 1021727K->767K(1022464K)] 1061809K->40873K(3070464K), 0.0048702 secs] [Times: user=0.01 sys=0.00, real=0.01 secs] 
2021-03-16T18:29:22.593+1030: 3023.017: [GC (Allocation Failure) [PSYoungGen: 1021695K->799K(1022464K)] 1061801K->40945K(3070464K), 0.0035119 secs] [Times: user=0.00 sys=0.00, real=0.01 secs] 
2021-03-16T18:29:28.814+1030: 3029.238: [GC (Allocation Failure) [PSYoungGen: 1021727K->831K(1022464K)] 1061873K->41009K(3070464K), 0.0029244 secs] [Times: user=0.00 sys=0.00, real=0.01 secs] 
2021-03-16T18:29:34.908+1030: 3035.333: [GC (Allocation Failure) [PSYoungGen: 1021759K->767K(1022464K)] 1061937K->41001K(3070464K), 0.0034472 secs] [Times: user=0.00 sys=0.00, real=0.00 secs] 
2021-03-16T18:29:41.045+1030: 3041.469: [GC (Allocation Failure) [PSYoungGen: 1021695K->735K(1022976K)] 1061929K->41033K(3070976K), 0.0054235 secs] [Times: user=0.01 sys=0.01, real=0.00 secs] 
2021-03-16T18:29:47.262+1030: 3047.686: [GC (Allocation Failure) [PSYoungGen: 1022175K->735K(1022464K)] 1062473K->41057K(3070464K), 0.0051327 secs] [Times: user=0.01 sys=0.00, real=0.01 secs] 
2021-03-16T18:29:53.421+1030: 3053.845: [GC (Allocation Failure) [PSYoungGen: 1022175K->767K(1022976K)] 1062497K->41105K(3070976K), 0.0049287 secs] [Times: user=0.00 sys=0.00, real=0.01 secs] 
2021-03-16T18:29:59.685+1030: 3060.109: [GC (GCLocker Initiated GC) [PSYoungGen: 1022719K->799K(1022976K)] 1063065K->41153K(3070976K), 0.0019336 secs] [Times: user=0.00 sys=0.00, real=0.01 secs] 
2021-03-16T18:30:05.781+1030: 3066.205: [GC (Allocation Failure) [PSYoungGen: 1022751K->831K(1022976K)] 1063109K->41237K(3070976K), 0.0027063 secs] [Times: user=0.00 sys=0.01, real=0.00 secs] 
2021-03-16T18:30:12.075+1030: 3072.499: [GC (Allocation Failure) [PSYoungGen: 1022783K->831K(1022976K)] 1063189K->41261K(3070976K), 0.0027842 secs] [Times: user=0.00 sys=0.00, real=0.01 secs] 
2021-03-16T18:30:18.329+1030: 3078.753: [GC (Allocation Failure) [PSYoungGen: 1022783K->288K(1021952K)] 1063213K->40725K(3069952K), 0.0018374 secs] [Times: user=0.01 sys=0.00, real=0.00 secs] 
2021-03-16T18:30:24.719+1030: 3085.143: [GC (Allocation Failure) [PSYoungGen: 1021216K->320K(1022464K)] 1061653K->40757K(3070464K), 0.0017608 secs] [Times: user=0.00 sys=0.00, real=0.00 secs] 
2021-03-16T18:30:31.264+1030: 3091.688: [GC (Allocation Failure) [PSYoungGen: 1021248K->288K(1022464K)] 1061685K->40725K(3070464K), 0.0025794 secs] [Times: user=0.00 sys=0.00, real=0.01 secs] 
2021-03-16T18:30:37.731+1030: 3098.155: [GC (Allocation Failure) [PSYoungGen: 1021216K->320K(1022464K)] 1061653K->40757K(3070464K), 0.0017907 secs] [Times: user=0.00 sys=0.00, real=0.00 secs] 
2021-03-16T18:30:44.218+1030: 3104.642: [GC (Allocation Failure) [PSYoungGen: 1021248K->320K(1022464K)] 1061685K->40757K(3070464K), 0.0018517 secs] [Times: user=0.00 sys=0.00, real=0.00 secs] 
2021-03-16T18:30:50.691+1030: 3111.115: [GC (Allocation Failure) [PSYoungGen: 1021248K->288K(1022464K)] 1061685K->40725K(3070464K), 0.0017967 secs] [Times: user=0.00 sys=0.00, real=0.00 secs] 
2021-03-16T18:30:57.075+1030: 3117.499: [GC (Allocation Failure) [PSYoungGen: 1021216K->338K(1022464K)] 1061653K->40776K(3070464K), 0.0017997 secs] [Times: user=0.01 sys=0.00, real=0.00 secs] 
2021-03-16T18:31:03.086+1030: 3123.510: [GC (Allocation Failure) [PSYoungGen: 1021266K->320K(1022464K)] 1061704K->40757K(3070464K), 0.0034669 secs] [Times: user=0.00 sys=0.00, real=0.00 secs] 
2021-03-16T18:31:08.507+1030: 3128.931: [GC (Allocation Failure) [PSYoungGen: 1021248K->288K(1022464K)] 1061685K->40733K(3070464K), 0.0016858 secs] [Times: user=0.00 sys=0.00, real=0.00 secs] 
2021-03-16T18:31:13.574+1030: 3133.998: [GC (Allocation Failure) [PSYoungGen: 1021216K->288K(1022464K)] 1061661K->40741K(3070464K), 0.0017958 secs] [Times: user=0.00 sys=0.00, real=0.01 secs] 
Heap
 PSYoungGen      total 1022464K, used 76507K [0x0000000781800000, 0x00000007c0000000, 0x00000007c0000000)
  eden space 1020928K, 7% used [0x0000000781800000,0x000000078626ebf8,0x00000007bfd00000)
  from space 1536K, 18% used [0x00000007bfd00000,0x00000007bfd48020,0x00000007bfe80000)
  to   space 1024K, 0% used [0x00000007bff00000,0x00000007bff00000,0x00000007c0000000)
 ParOldGen       total 2048000K, used 40453K [0x0000000704800000, 0x0000000781800000, 0x0000000781800000)
  object space 2048000K, 1% used [0x0000000704800000,0x0000000706f816e0,0x0000000781800000)
 Metaspace       used 42078K, capacity 42623K, committed 42792K, reserved 1085440K
  class space    used 5704K, capacity 5846K, committed 5928K, reserved 1048576K
  from space 1536K, 18% used [0x00000007bfe80000,0x00000007bfec8020,0x00000007c0000000)
  to   space 1024K, 0% used [0x00000007bfd80000,0x00000007bfd80000,0x00000007bfe80000)
 ParOldGen       total 2048000K, used 41371K [0x0000000704800000, 0x0000000781800000, 0x0000000781800000)
  object space 2048000K, 2% used [0x0000000704800000,0x0000000707066fc0,0x0000000781800000)
 Metaspace       used 42090K, capacity 42631K, committed 42792K, reserved 1085440K
  class space    used 5704K, capacity 5846K, committed 5928K, reserved 1048576K
